Archive member included to satisfy reference by file (symbol)

/Applications/STM32CubeIDE.app/Contents/Eclipse/plugins/com.st.stm32cube.ide.mcu.externaltools.gnu-tools-for-stm32.13.3.rel1.macos64_1.0.0.202411102158/tools/bin/../lib/gcc/arm-none-eabi/13.3.1/../../../../arm-none-eabi/lib/thumb/v7e-m+fp/hard/libc_nano.a(libc_a-exit.o)
                              /Applications/STM32CubeIDE.app/Contents/Eclipse/plugins/com.st.stm32cube.ide.mcu.externaltools.gnu-tools-for-stm32.13.3.rel1.macos64_1.0.0.202411102158/tools/bin/../lib/gcc/arm-none-eabi/13.3.1/../../../../arm-none-eabi/lib/thumb/v7e-m+fp/hard/crt0.o (exit)
/Applications/STM32CubeIDE.app/Contents/Eclipse/plugins/com.st.stm32cube.ide.mcu.externaltools.gnu-tools-for-stm32.13.3.rel1.macos64_1.0.0.202411102158/tools/bin/../lib/gcc/arm-none-eabi/13.3.1/../../../../arm-none-eabi/lib/thumb/v7e-m+fp/hard/libc_nano.a(libc_a-nano-vfprintf_float.o)
                              (_printf_float)
/Applications/STM32CubeIDE.app/Contents/Eclipse/plugins/com.st.stm32cube.ide.mcu.externaltools.gnu-tools-for-stm32.13.3.rel1.macos64_1.0.0.202411102158/tools/bin/../lib/gcc/arm-none-eabi/13.3.1/../../../../arm-none-eabi/lib/thumb/v7e-m+fp/hard/libc_nano.a(libc_a-malloc.o)
                              ./Core/Src/pixy2.o (malloc)
/Applications/STM32CubeIDE.app/Contents/Eclipse/plugins/com.st.stm32cube.ide.mcu.externaltools.gnu-tools-for-stm32.13.3.rel1.macos64_1.0.0.202411102158/tools/bin/../lib/gcc/arm-none-eabi/13.3.1/../../../../arm-none-eabi/lib/thumb/v7e-m+fp/hard/libc_nano.a(libc_a-mallocr.o)
                              /Applications/STM32CubeIDE.app/Contents/Eclipse/plugins/com.st.stm32cube.ide.mcu.externaltools.gnu-tools-for-stm32.13.3.rel1.macos64_1.0.0.202411102158/tools/bin/../lib/gcc/arm-none-eabi/13.3.1/../../../../arm-none-eabi/lib/thumb/v7e-m+fp/hard/libc_nano.a(libc_a-malloc.o) (_malloc_r)
/Applications/STM32CubeIDE.app/Contents/Eclipse/plugins/com.st.stm32cube.ide.mcu.externaltools.gnu-tools-for-stm32.13.3.rel1.macos64_1.0.0.202411102158/tools/bin/../lib/gcc/arm-none-eabi/13.3.1/../../../../arm-none-eabi/lib/thumb/v7e-m+fp/hard/libc_nano.a(libc_a-nano-vfprintf_i.o)
                              /Applications/STM32CubeIDE.app/Contents/Eclipse/plugins/com.st.stm32cube.ide.mcu.externaltools.gnu-tools-for-stm32.13.3.rel1.macos64_1.0.0.202411102158/tools/bin/../lib/gcc/arm-none-eabi/13.3.1/../../../../arm-none-eabi/lib/thumb/v7e-m+fp/hard/libc_nano.a(libc_a-nano-vfprintf_float.o) (_printf_common)
/Applications/STM32CubeIDE.app/Contents/Eclipse/plugins/com.st.stm32cube.ide.mcu.externaltools.gnu-tools-for-stm32.13.3.rel1.macos64_1.0.0.202411102158/tools/bin/../lib/gcc/arm-none-eabi/13.3.1/../../../../arm-none-eabi/lib/thumb/v7e-m+fp/hard/libc_nano.a(libc_a-mlock.o)
                              /Applications/STM32CubeIDE.app/Contents/Eclipse/plugins/com.st.stm32cube.ide.mcu.externaltools.gnu-tools-for-stm32.13.3.rel1.macos64_1.0.0.202411102158/tools/bin/../lib/gcc/arm-none-eabi/13.3.1/../../../../arm-none-eabi/lib/thumb/v7e-m+fp/hard/libc_nano.a(libc_a-mallocr.o) (__malloc_lock)
/Applications/STM32CubeIDE.app/Contents/Eclipse/plugins/com.st.stm32cube.ide.mcu.externaltools.gnu-tools-for-stm32.13.3.rel1.macos64_1.0.0.202411102158/tools/bin/../lib/gcc/arm-none-eabi/13.3.1/../../../../arm-none-eabi/lib/thumb/v7e-m+fp/hard/libc_nano.a(libc_a-findfp.o)
                              /Applications/STM32CubeIDE.app/Contents/Eclipse/plugins/com.st.stm32cube.ide.mcu.externaltools.gnu-tools-for-stm32.13.3.rel1.macos64_1.0.0.202411102158/tools/bin/../lib/gcc/arm-none-eabi/13.3.1/../../../../arm-none-eabi/lib/thumb/v7e-m+fp/hard/libc_nano.a(libc_a-exit.o) (__stdio_exit_handler)
/Applications/STM32CubeIDE.app/Contents/Eclipse/plugins/com.st.stm32cube.ide.mcu.externaltools.gnu-tools-for-stm32.13.3.rel1.macos64_1.0.0.202411102158/tools/bin/../lib/gcc/arm-none-eabi/13.3.1/../../../../arm-none-eabi/lib/thumb/v7e-m+fp/hard/libc_nano.a(libc_a-fwalk.o)
                              /Applications/STM32CubeIDE.app/Contents/Eclipse/plugins/com.st.stm32cube.ide.mcu.externaltools.gnu-tools-for-stm32.13.3.rel1.macos64_1.0.0.202411102158/tools/bin/../lib/gcc/arm-none-eabi/13.3.1/../../../../arm-none-eabi/lib/thumb/v7e-m+fp/hard/libc_nano.a(libc_a-findfp.o) (_fwalk_sglue)
/Applications/STM32CubeIDE.app/Contents/Eclipse/plugins/com.st.stm32cube.ide.mcu.externaltools.gnu-tools-for-stm32.13.3.rel1.macos64_1.0.0.202411102158/tools/bin/../lib/gcc/arm-none-eabi/13.3.1/../../../../arm-none-eabi/lib/thumb/v7e-m+fp/hard/libc_nano.a(libc_a-printf.o)
                              ./Core/Src/BNO055.o (printf)
/Applications/STM32CubeIDE.app/Contents/Eclipse/plugins/com.st.stm32cube.ide.mcu.externaltools.gnu-tools-for-stm32.13.3.rel1.macos64_1.0.0.202411102158/tools/bin/../lib/gcc/arm-none-eabi/13.3.1/../../../../arm-none-eabi/lib/thumb/v7e-m+fp/hard/libc_nano.a(libc_a-puts.o)
                              ./Core/Src/BNO055.o (puts)
[...]
Memory Configuration

Name             Origin             Length             Attributes
RAM              0x20000000         0x00030000         xrw
RAM2             0x10000000         0x00010000         xrw
RAM3             0x20040000         0x00060000         xrw
FLASH            0x08000000         0x001ff000         xr
CALIB            0x081ff000         0x00001000         r
*default*        0x00000000         0xffffffff

Linker script and memory map

LOAD /Applications/STM32CubeIDE.app/Contents/Eclipse/plugins/com.st.stm32cube.ide.mcu.externaltools.gnu-tools-for-stm32.13.3.rel1.macos64_1.0.0.202411102158/tools/bin/../lib/gcc/arm-none-eabi/13.3.1/thumb/v7e-m+fp/hard/crti.o
LOAD /Applications/STM32CubeIDE.app/Contents/Eclipse/plugins/com.st.stm32cube.ide.mcu.externaltools.gnu-tools-for-stm32.13.3.rel1.macos64_1.0.0.202411102158/tools/bin/../lib/gcc/arm-none-eabi/13.3.1/thumb/v7e-m+fp/hard/crtbegin.o
LOAD /Applications/STM32CubeIDE.app/Contents/Eclipse/plugins/com.st.stm32cube.ide.mcu.externaltools.gnu-tools-for-stm32.13.3.rel1.macos64_1.0.0.202411102158/tools/bin/../lib/gcc/arm-none-eabi/13.3.1/../../../../arm-none-eabi/lib/thumb/v7e-m+fp/hard/crt0.o
LOAD ./Core/Src/BNO055.o
LOAD ./Core/Src/calib_flash.o
LOAD ./Core/Src/hbridge.o
LOAD ./Core/Src/main.o
LOAD ./Core/Src/pid.o
LOAD ./Core/Src/pixy.o
LOAD ./Core/Src/pixy2.o
LOAD ./Core/Src/stm32l4xx_hal_msp.o
LOAD ./Core/Src/stm32l4xx_it.o
LOAD ./Core/Src/syscalls.o
LOAD ./Core/Src/sysmem.o
LOAD ./Core/Src/system_stm32l4xx.o
LOAD ./Core/Src/vl53l0x_api.o
LOAD ./Core/Src/vl53l0x_api_calibration.o
LOAD ./Core/Src/vl53l0x_api_core.o
LOAD ./Core/Src/vl53l0x_api_ranging.o
LOAD ./Core/Src/vl53l0x_api_strings.o
LOAD ./Core/Src/vl53l0x_platform.o
LOAD ./Core/Startup/startup_stm32l4r5zitxp.o
LOAD ./Drivers/STM32L4xx_HAL_Driver/Src/stm32l4xx_hal.o
LOAD ./Drivers/STM32L4xx_HAL_Driver/Src/stm32l4xx_hal_cortex.o
LOAD ./Drivers/STM32L4xx_HAL_Driver/Src/stm32l4xx_hal_dma.o
LOAD ./Drivers/STM32L4xx_HAL_Driver/Src/stm32l4xx_hal_dma_ex.o
LOAD ./Drivers/STM32L4xx_HAL_Driver/Src/stm32l4xx_hal_exti.o
LOAD ./Drivers/STM32L4xx_HAL_Driver/Src/stm32l4xx_hal_flash.o
LOAD ./Drivers/STM32L4xx_HAL_Driver/Src/stm32l4xx_hal_flash_ex.o
LOAD ./Drivers/STM32L4xx_HAL_Driver/Src/stm32l4xx_hal_flash_ramfunc.o
LOAD ./Drivers/STM32L4xx_HAL_Driver/Src/stm32l4xx_hal_gpio.o
LOAD ./Drivers/STM32L4xx_HAL_Driver/Src/stm32l4xx_hal_i2c.o
LOAD ./Drivers/STM32L4xx_HAL_Driver/Src/stm32l4xx_hal_i2c_ex.o
LOAD ./Drivers/STM32L4xx_HAL_Driver/Src/stm32l4xx_hal_pwr.o
LOAD ./Drivers/STM32L4xx_HAL_Driver/Src/stm32l4xx_hal_pwr_ex.o
LOAD ./Drivers/STM32L4xx_HAL_Driver/Src/stm32l4xx_hal_rcc.o
LOAD ./Drivers/STM32L4xx_HAL_Driver/Src/stm32l4xx_hal_rcc_ex.o
LOAD ./Drivers/STM32L4xx_HAL_Driver/Src/stm32l4xx_hal_spi.o
LOAD ./Drivers/STM32L4xx_HAL_Driver/Src/stm32l4xx_hal_spi_ex.o
LOAD ./Drivers/STM32L4xx_HAL_Driver/Src/stm32l4xx_hal_tim.o
LOAD ./Drivers/STM32L4xx_HAL_Driver/Src/stm32l4xx_hal_tim_ex.o
LOAD ./Drivers/STM32L4xx_HAL_Driver/Src/stm32l4xx_hal_uart.o
LOAD ./Drivers/STM32L4xx_HAL_Driver/Src/stm32l4xx_hal_uart_ex.o
START GROUP
LOAD /Applications/STM32CubeIDE.app/Contents/Eclipse/plugins/com.st.stm32cube.ide.mcu.externaltools.gnu-tools-for-stm32.13.3.rel1.macos64_1.0.0.202411102158/tools/bin/../lib/gcc/arm-none-eabi/13.3.1/../../../../arm-none-eabi/lib/thumb/v7e-m+fp/hard/libstdc++_nano.a
LOAD /Applications/STM32CubeIDE.app/Contents/Eclipse/plugins/com.st.stm32cube.ide.mcu.externaltools.gnu-tools-for-stm32.13.3.rel1.macos64_1.0.0.202411102158/tools/bin/../lib/gcc/arm-none-eabi/13.3.1/../../../../arm-none-eabi/lib/thumb/v7e-m+fp/hard/libsupc++_nano.a
END GROUP
LOAD /Applications/STM32CubeIDE.app/Contents/Eclipse/plugins/com.st.stm32cube.ide.mcu.externaltools.gnu-tools-for-stm32.13.3.rel1.macos64_1.0.0.202411102158/tools/bin/../lib/gcc/arm-none-eabi/13.3.1/../../../../arm-none-eabi/lib/thumb/v7e-m+fp/hard/libstdc++_nano.a
LOAD /Applications/STM32CubeIDE.app/Contents/Eclipse/plugins/com.st.stm32cube.ide.mcu.externaltools.gnu-tools-for-stm32.13.3.rel1.macos64_1.0.0.202411102158/tools/bin/../lib/gcc/arm-none-eabi/13.3.1/../../../../arm-none-eabi/lib/thumb/v7e-m+fp/hard/libm.a
LOAD /Applications/STM32CubeIDE.app/Contents/Eclipse/plugins/com.st.stm32cube.ide.mcu.externaltools.gnu-tools-for-stm32.13.3.rel1.macos64_1.0.0.202411102158/tools/bin/../lib/gcc/arm-none-eabi/13.3.1/../../../../arm-none-eabi/lib/thumb/v7e-m+fp/hard/libc_nano.a
START GROUP
LOAD /Applications/STM32CubeIDE.app/Contents/Eclipse/plugins/com.st.stm32cube.ide.mcu.externaltools.gnu-tools-for-stm32.13.3.rel1.macos64_1.0.0.202411102158/tools/bin/../lib/gcc/arm-none-eabi/13.3.1/thumb/v7e-m+fp/hard/libgcc.a
LOAD /Applications/STM32CubeIDE.app/Contents/Eclipse/plugins/com.st.stm32cube.ide.mcu.externaltools.gnu-tools-for-stm32.13.3.rel1.macos64_1.0.0.202411102158/tools/bin/../lib/gcc/arm-none-eabi/13.3.1/../../../../arm-none-eabi/lib/thumb/v7e-m+fp/hard/libc_nano.a
END GROUP
START GROUP
LOAD /Applications/STM32CubeIDE.app/Contents/Eclipse/plugins/com.st.stm32cube.ide.mcu.externaltools.gnu-tools-for-stm32.13.3.rel1.macos64_1.0.0.202411102158/tools/bin/../lib/gcc/arm-none-eabi/13.3.1/thumb/v7e-m+fp/hard/libgcc.a
LOAD /Applications/STM32CubeIDE.app/Contents/Eclipse/plugins/com.st.stm32cube.ide.mcu.externaltools.gnu-tools-for-stm32.13.3.rel1.macos64_1.0.0.202411102158/tools/bin/../lib/gcc/arm-none-eabi/13.3.1/../../../../arm-none-eabi/lib/thumb/v7e-m+fp/hard/libc_nano.a
END GROUP
LOAD /Applications/STM32CubeIDE.app/Contents/Eclipse/plugins/com.st.stm32cube.ide.mcu.externaltools.gnu-tools-for-stm32.13.3.rel1.macos64_1.0.0.202411102158/tools/bin/../lib/gcc/arm-none-eabi/13.3.1/thumb/v7e-m+fp/hard/crtend.o
LOAD /Applications/STM32CubeIDE.app/Contents/Eclipse/plugins/com.st.stm32cube.ide.mcu.externaltools.gnu-tools-for-stm32.13.3.rel1.macos64_1.0.0.202411102158/tools/bin/../lib/gcc/arm-none-eabi/13.3.1/thumb/v7e-m+fp/hard/crtn.o
                0x200a0000                        _estack = (ORIGIN (RAM3) + LENGTH (RAM3))
                0x00000200                        _Min_Heap_Size = 0x200
                0x00000400                        _Min_Stack_Size = 0x400

.isr_vector     0x08000000      0x1bc
                0x08000000                        . = ALIGN (0x4)
 *(.isr_vector)
 .isr_vector    0x08000000      0x1bc ./Core/Startup/startup_stm32l4r5zitxp.o
                0x08000000                g_pfnVectors
                0x080001bc                        . = ALIGN (0x4)

.text           0x080001c0    0x12a1c
                0x080001c0                        . = ALIGN (0x4)
 *(.text)
 .text          0x080001c0       0x40 /Applications/STM32CubeIDE.app/Contents/Eclipse/plugins/com.st.stm32cube.ide.mcu.externaltools.gnu-tools-for-stm32.13.3.rel1.macos64_1.0.0.202411102158/tools/bin/../lib/gcc/arm-none-eabi/13.3.1/thumb/v7e-m+fp/hard/crtbegin.o
 .text          0x08000200       0xa0 /Applications/STM32CubeIDE.app/Contents/Eclipse/plugins/com.st.stm32cube.ide.mcu.externaltools.gnu-tools-for-stm32.13.3.rel1.macos64_1.0.0.202411102158/tools/bin/../lib/gcc/arm-none-eabi/13.3.1/../../../../arm-none-eabi/lib/thumb/v7e-m+fp/hard/libc_nano.a(libc_a-memchr.o)
                0x08000200                memchr
 .text          0x080002a0       0x10 /Applications/STM32CubeIDE.app/Contents/Eclipse/plugins/com.st.stm32cube.ide.mcu.externaltools.gnu-tools-for-stm32.13.3.rel1.macos64_1.0.0.202411102158/tools/bin/../lib/gcc/arm-none-eabi/13.3.1/../../../../arm-none-eabi/lib/thumb/v7e-m+fp/hard/libc_nano.a(libc_a-strlen.o)
                0x080002a0                strlen
 .text          0x080002b0      0x378 /Applications/STM32CubeIDE.app/Contents/Eclipse/plugins/com.st.stm32cube.ide.mcu.externaltools.gnu-tools-for-stm32.13.3.rel1.macos64_1.0.0.202411102158/tools/bin/../lib/gcc/arm-none-eabi/13.3.1/thumb/v7e-m+fp/hard/libgcc.a(_arm_addsubdf3.o)
                0x080002b0                __aeabi_drsub
                0x080002b8                __subdf3
                0x080002b8                __aeabi_dsub
                0x080002bc                __aeabi_dadd
                0x080002bc                __adddf3
                0x08000534                __aeabi_ui2d
                0x08000534                __floatunsidf
                0x08000554                __floatsidf
                0x08000554                __aeabi_i2d
                0x08000578                __extendsfdf2
                0x08000578                __aeabi_f2d
                0x080005bc                __aeabi_ul2d
                0x080005bc                __floatundidf
                0x080005cc                __aeabi_l2d
                0x080005cc                __floatdidf
 .text          0x08000628      0x424 /Applications/STM32CubeIDE.app/Contents/Eclipse/plugins/com.st.stm32cube.ide.mcu.externaltools.gnu-tools-for-stm32.13.3.rel1.macos64_1.0.0.202411102158/tools/bin/../lib/gcc/arm-none-eabi/13.3.1/thumb/v7e-m+fp/hard/libgcc.a(_arm_muldivdf3.o)
                0x08000628                __aeabi_dmul
                0x08000628                __muldf3
                0x0800087c                __aeabi_ddiv
                0x0800087c                __divdf3
 .text          0x08000a4c      0x110 /Applications/STM32CubeIDE.app/Contents/Eclipse/plugins/com.st.stm32cube.ide.mcu.externaltools.gnu-tools-for-stm32.13.3.rel1.macos64_1.0.0.202411102158/tools/bin/../lib/gcc/arm-none-eabi/13.3.1/thumb/v7e-m+fp/hard/libgcc.a(_arm_cmpdf2.o)
                0x08000a4c                __gedf2
                0x08000a4c                __gtdf2
                0x08000a54                __ledf2
                0x08000a54                __ltdf2
                0x08000a5c                __cmpdf2
                0x08000a5c                __eqdf2
                0x08000a5c                __nedf2
                0x08000ad8                __aeabi_cdrcmple
                0x08000ae8                __aeabi_cdcmple
                0x08000ae8                __aeabi_cdcmpeq
                0x08000af8                __aeabi_dcmpeq
                0x08000b0c                __aeabi_dcmplt
                0x08000b20                __aeabi_dcmple
                0x08000b34                __aeabi_dcmpge
                0x08000b48                __aeabi_dcmpgt
 .text          0x08000b5c       0x2c /Applications/STM32CubeIDE.app/Contents/Eclipse/plugins/com.st.stm32cube.ide.mcu.externaltools.gnu-tools-for-stm32.13.3.rel1.macos64_1.0.0.202411102158/tools/bin/../lib/gcc/arm-none-eabi/13.3.1/thumb/v7e-m+fp/hard/libgcc.a(_arm_unorddf2.o)
                0x08000b5c                __aeabi_dcmpun
                0x08000b5c                __unorddf2
 .text          0x08000b88       0x50 /Applications/STM32CubeIDE.app/Contents/Eclipse/plugins/com.st.stm32cube.ide.mcu.externaltools.gnu-tools-for-stm32.13.3.rel1.macos64_1.0.0.202411102158/tools/bin/../lib/gcc/arm-none-eabi/13.3.1/thumb/v7e-m+fp/hard/libgcc.a(_arm_fixdfsi.o)
                0x08000b88                __fixdfsi
                0x08000b88                __aeabi_d2iz
 .text          0x08000bd8       0xa0 /Applications/STM32CubeIDE.app/Contents/Eclipse/plugins/com.st.stm32cube.ide.mcu.externaltools.gnu-tools-for-stm32.13.3.rel1.macos64_1.0.0.202411102158/tools/bin/../lib/gcc/arm-none-eabi/13.3.1/thumb/v7e-m+fp/hard/libgcc.a(_arm_truncdfsf2.o)
                0x08000bd8                __aeabi_d2f
                0x08000bd8                __truncdfsf2
 .text          0x08000c78       0x30 /Applications/STM32CubeIDE.app/Contents/Eclipse/plugins/com.st.stm32cube.ide.mcu.externaltools.gnu-tools-for-stm32.13.3.rel1.macos64_1.0.0.202411102158/tools/bin/../lib/gcc/arm-none-eabi/13.3.1/thumb/v7e-m+fp/hard/libgcc.a(_aeabi_uldivmod.o)
                0x08000c78                __aeabi_uldivmod
 .text          0x08000ca8      0x2f8 /Applications/STM32CubeIDE.app/Contents/Eclipse/plugins/com.st.stm32cube.ide.mcu.externaltools.gnu-tools-for-stm32.13.3.rel1.macos64_1.0.0.202411102158/tools/bin/../lib/gcc/arm-none-eabi/13.3.1/thumb/v7e-m+fp/hard/libgcc.a(_udivmoddi4.o)
                0x08000ca8                __udivmoddi4
 .text          0x08000fa0        0x4 /Applications/STM32CubeIDE.app/Contents/Eclipse/plugins/com.st.stm32cube.ide.mcu.externaltools.gnu-tools-for-stm32.13.3.rel1.macos64_1.0.0.202411102158/tools/bin/../lib/gcc/arm-none-eabi/13.3.1/thumb/v7e-m+fp/hard/libgcc.a(_dvmd_tls.o)
                0x08000fa0                __aeabi_ldiv0
                0x08000fa0                __aeabi_idiv0
 *(.text*)
 .text.Check_Status
                0x08000fa4       0xcc ./Core/Src/BNO055.o
                0x08000fa4                Check_Status
 .text.SelectPage
                0x08001070       0x44 ./Core/Src/BNO055.o
                0x08001070                SelectPage
 .text.ResetBNO055
                0x080010b4       0x9c ./Core/Src/BNO055.o
                0x080010b4                ResetBNO055
 .text.BNO055_Read_DMA
                0x08001150       0x2c ./Core/Src/BNO055.o
                0x08001150                BNO055_Read_DMA
 .text.BNO055_DMA_store
                0x0800117c      0x204 ./Core/Src/BNO055.o
                0x0800117c                BNO055_DMA_store
 .text.Set_Operation_Mode
                0x08001380       0x64 ./Core/Src/BNO055.o
                0x08001380                Set_Operation_Mode
 .text.SetPowerMODE
                0x080013e4       0x50 ./Core/Src/BNO055.o
                0x080013e4                SetPowerMODE
 .text.Clock_Source
                0x08001434       0x30 ./Core/Src/BNO055.o
                0x08001434                Clock_Source
 .text.BNO055_Axis
                0x08001464       0x58 ./Core/Src/BNO055.o
                0x08001464                BNO055_Axis
 .text.SET_Accel_Range
                0x080014bc       0x34 ./Core/Src/BNO055.o
                0x080014bc                SET_Accel_Range
 .text.BNO055_Init
                0x080014f0       0xd4 ./Core/Src/BNO055.o
                0x080014f0                BNO055_Init
 .text.getCalibration
                0x080015c4       0x7c ./Core/Src/BNO055.o
                0x080015c4                getCalibration
 .text.getSensorOffsets
                0x08001640       0x60 ./Core/Src/BNO055.o
                0x08001640                getSensorOffsets
 .text.setSensorOffsets
                0x080016a0       0x60 ./Core/Src/BNO055.o
                0x080016a0                setSensorOffsets
 .text.isFullyCalibrated
                0x08001700       0xf0 ./Core/Src/BNO055.o
                0x08001700                isFullyCalibrated
 .text.getCurrentMode
                0x080017f0       0x2c ./Core/Src/BNO055.o
                0x080017f0                getCurrentMode
 .text.Calibrate_BNO055
                0x0800181c      0x13c ./Core/Src/BNO055.o
                0x0800181c                Calibrate_BNO055
 .text.Calib_Flash_Erase
                0x08001958       0x44 ./Core/Src/calib_flash.o
                0x08001958                Calib_Flash_Erase
 .text.Calib_Flash_Save
                0x0800199c       0xd4 ./Core/Src/calib_flash.o
                0x0800199c                Calib_Flash_Save
 .text.Calib_Flash_Load
                0x08001a70       0x50 ./Core/Src/calib_flash.o
                0x08001a70                Calib_Flash_Load
 .text.VL53L0X_InterruptMode_Init
                0x08001ac0       0xa8 ./Core/Src/main.o
 .text.VL53L0X_HandleThresholdEvent
                0x08001b68       0xa0 ./Core/Src/main.o
 .text.MotorA_Set
                0x08001c08       0x64 ./Core/Src/main.o
                0x08001c08                MotorA_Set
 .text.MotorB_Set
                0x08001c6c       0x64 ./Core/Src/main.o
                0x08001c6c                MotorB_Set
 .text.MotorA_Brake
                0x08001cd0       0x30 ./Core/Src/main.o
                0x08001cd0                MotorA_Brake
 .text.MotorB_Brake
                0x08001d00       0x30 ./Core/Src/main.o
                0x08001d00                MotorB_Brake
 .text.PID_Drive_Motors_Steered
                0x08001d30      0x214 ./Core/Src/main.o
 .text.Pixy2_UpdateTracking
                0x08001f44      0x180 ./Core/Src/main.o
 .text.Sensor_Init
                0x080020c4      0x124 ./Core/Src/main.o
                0x080020c4                Sensor_Init
 .text.BNO055_setup
                0x080021e8       0x34 ./Core/Src/main.o
                0x080021e8                BNO055_setup
 .text.main     0x0800221c      0x540 ./Core/Src/main.o
                0x0800221c                main
 .text.SystemClock_Config
                0x0800275c       0xa4 ./Core/Src/main.o
                0x0800275c                SystemClock_Config
 .text.MX_I2C1_Init
                0x08002800       0x80 ./Core/Src/main.o
 .text.MX_I2C2_Init
                0x08002880       0x80 ./Core/Src/main.o
 .text.MX_LPUART1_UART_Init
                0x08002900       0x98 ./Core/Src/main.o
 .text.MX_SPI1_Init
                0x08002998       0x7c ./Core/Src/main.o
 .text.MX_SPI3_Init
                0x08002a14       0x7c ./Core/Src/main.o
 .text.MX_TIM2_Init
                0x08002a90       0xc8 ./Core/Src/main.o
 .text.MX_DMA_Init
                0x08002b58       0x64 ./Core/Src/main.o
 .text.MX_GPIO_Init
                0x08002bbc      0x4ac ./Core/Src/main.o
 .text.__io_putchar
                0x08003068       0x24 ./Core/Src/main.o
                0x08003068                __io_putchar
 .text.HAL_I2C_MemRxCpltCallback
                0x0800308c       0x34 ./Core/Src/main.o
                0x0800308c                HAL_I2C_MemRxCpltCallback
 .text.Error_Handler
                0x080030c0       0x30 ./Core/Src/main.o
                0x080030c0                Error_Handler
 .text.PID_Init
                0x080030f0       0x5c ./Core/Src/pid.o
                0x080030f0                PID_Init
 .text.PID_Reset
                0x0800314c       0x2c ./Core/Src/pid.o
                0x0800314c                PID_Reset
 .text.PID_Update
                0x08003178      0x170 ./Core/Src/pid.o
                0x08003178                PID_Update
 .text._ZL6millisv
                0x080032e8        0xe ./Core/Src/pixy2.o
 *fill*         0x080032f6        0x2 
 .text._ZL17delayMicrosecondsm
                0x080032f8       0x28 ./Core/Src/pixy2.o
 .text._ZN11Link2SPI_SS9configureEP19__SPI_HandleTypeDefP12GPIO_TypeDeft
                0x08003320       0x2c ./Core/Src/pixy2.o
                0x08003320                Link2SPI_SS::configure(__SPI_HandleTypeDef*, GPIO_TypeDef*, unsigned short)
 .text._ZN11Link2SPI_SS4openEm
                0x0800334c       0x24 ./Core/Src/pixy2.o
                0x0800334c                Link2SPI_SS::open(unsigned long)
 .text._ZN11Link2SPI_SS5closeEv
                0x08003370       0x20 ./Core/Src/pixy2.o
                0x08003370                Link2SPI_SS::close()
 .text._ZN11Link2SPI_SS4recvEPhhPt
                0x08003390       0x94 ./Core/Src/pixy2.o
                0x08003390                Link2SPI_SS::recv(unsigned char*, unsigned char, unsigned short*)
 .text._ZN11Link2SPI_SS4sendEPhh
                0x08003424       0x68 ./Core/Src/pixy2.o
                0x08003424                Link2SPI_SS::send(unsigned char*, unsigned char)
 .text._ZL9copyBlockP10Pixy2BlockPK5Block
                0x0800348c       0x58 ./Core/Src/pixy2.o
 .text.Pixy2_Init
                0x080034e4       0xd0 ./Core/Src/pixy2.o
                0x080034e4                Pixy2_Init
 .text.Pixy2_GetBlocks
                0x080035b4       0xb8 ./Core/Src/pixy2.o
                0x080035b4                Pixy2_GetBlocks
 .text._ZN11Link2SPI_SSC2Ev
                0x0800366c       0x28 ./Core/Src/pixy2.o
                0x0800366c                Link2SPI_SS::Link2SPI_SS()
                0x0800366c                Link2SPI_SS::Link2SPI_SS()
 .text._ZN6TPixy2I11Link2SPI_SSEC2Ev
                0x08003694       0x6c ./Core/Src/pixy2.o
                0x08003694                TPixy2<Link2SPI_SS>::TPixy2()
                0x08003694                TPixy2<Link2SPI_SS>::TPixy2()
 .text._ZN6TPixy2I11Link2SPI_SSE4initEm
                0x08003700       0x7e ./Core/Src/pixy2.o
                0x08003700                TPixy2<Link2SPI_SS>::init(unsigned long)
 .text._ZN6TPixy2I11Link2SPI_SSE10getVersionEv
                0x0800377e       0x6c ./Core/Src/pixy2.o
                0x0800377e                TPixy2<Link2SPI_SS>::getVersion()
 *fill*         0x080037ea        0x2 
 .text._ZN8Pixy2CCCI11Link2SPI_SSE9getBlocksEbhh
                0x080037ec      0x108 ./Core/Src/pixy2.o
                0x080037ec                Pixy2CCC<Link2SPI_SS>::getBlocks(bool, unsigned char, unsigned char)
 .text._ZN8Pixy2CCCI11Link2SPI_SSEC2EP6TPixy2IS0_E
                0x080038f4       0x1e ./Core/Src/pixy2.o
                0x080038f4                Pixy2CCC<Link2SPI_SS>::Pixy2CCC(TPixy2<Link2SPI_SS>*)
                0x080038f4                Pixy2CCC<Link2SPI_SS>::Pixy2CCC(TPixy2<Link2SPI_SS>*)
 .text._ZN9Pixy2LineI11Link2SPI_SSEC2EP6TPixy2IS0_E
                0x08003912       0x1e ./Core/Src/pixy2.o
                0x08003912                Pixy2Line<Link2SPI_SS>::Pixy2Line(TPixy2<Link2SPI_SS>*)
                0x08003912                Pixy2Line<Link2SPI_SS>::Pixy2Line(TPixy2<Link2SPI_SS>*)
 .text._ZN10Pixy2VideoI11Link2SPI_SSEC2EP6TPixy2IS0_E
                0x08003930       0x1e ./Core/Src/pixy2.o
                0x08003930                Pixy2Video<Link2SPI_SS>::Pixy2Video(TPixy2<Link2SPI_SS>*)
                0x08003930                Pixy2Video<Link2SPI_SS>::Pixy2Video(TPixy2<Link2SPI_SS>*)
 .text._ZN6TPixy2I11Link2SPI_SSE13getResolutionEv
                0x0800394e       0x70 ./Core/Src/pixy2.o
                0x0800394e                TPixy2<Link2SPI_SS>::getResolution()
 .text._ZN6TPixy2I11Link2SPI_SSE10sendPacketEv
                0x080039be       0x5a ./Core/Src/pixy2.o
                0x080039be                TPixy2<Link2SPI_SS>::sendPacket()
 .text._ZN6TPixy2I11Link2SPI_SSE10recvPacketEv
                0x08003a18      0x114 ./Core/Src/pixy2.o
                0x08003a18                TPixy2<Link2SPI_SS>::recvPacket()
 .text._ZN6TPixy2I11Link2SPI_SSE7getSyncEv
                0x08003b2c       0xaa ./Core/Src/pixy2.o
                0x08003b2c                TPixy2<Link2SPI_SS>::getSync()
 *fill*         0x08003bd6        0x2 
 .text._Z41__static_initialization_and_destruction_0v
                0x08003bd8       0x14 ./Core/Src/pixy2.o
 .text._Z41__static_initialization_and_destruction_1v
                0x08003bec       0x14 ./Core/Src/pixy2.o
 .text._ZN6TPixy2I11Link2SPI_SSED2Ev
                0x08003c00       0x26 ./Core/Src/pixy2.o
                0x08003c00                TPixy2<Link2SPI_SS>::~TPixy2()
                0x08003c00                TPixy2<Link2SPI_SS>::~TPixy2()
 .text._GLOBAL__sub_I_Pixy2_Init
                0x08003c26        0xa ./Core/Src/pixy2.o
 .text._GLOBAL__sub_D_Pixy2_Init
                0x08003c30        0xa ./Core/Src/pixy2.o
 *fill*         0x08003c3a        0x2 
 .text.HAL_MspInit
                0x08003c3c       0x48 ./Core/Src/stm32l4xx_hal_msp.o
                0x08003c3c                HAL_MspInit
 .text.HAL_I2C_MspInit
                0x08003c84      0x21c ./Core/Src/stm32l4xx_hal_msp.o
                0x08003c84                HAL_I2C_MspInit
 .text.HAL_UART_MspInit
                0x08003ea0       0xc0 ./Core/Src/stm32l4xx_hal_msp.o
                0x08003ea0                HAL_UART_MspInit
 .text.HAL_SPI_MspInit
                0x08003f60       0xe8 ./Core/Src/stm32l4xx_hal_msp.o
                0x08003f60                HAL_SPI_MspInit
 .text.HAL_TIM_PWM_MspInit
                0x08004048       0x84 ./Core/Src/stm32l4xx_hal_msp.o
                0x08004048                HAL_TIM_PWM_MspInit
 .text.HAL_TIM_MspPostInit
                0x080040cc       0x68 ./Core/Src/stm32l4xx_hal_msp.o
                0x080040cc                HAL_TIM_MspPostInit
 .text.NMI_Handler
                0x08004134        0x8 ./Core/Src/stm32l4xx_it.o
                0x08004134                NMI_Handler
 .text.HardFault_Handler
                0x0800413c        0x8 ./Core/Src/stm32l4xx_it.o
                0x0800413c                HardFault_Handler
 .text.MemManage_Handler
                0x08004144        0x8 ./Core/Src/stm32l4xx_it.o
                0x08004144                MemManage_Handler
 .text.BusFault_Handler
                0x0800414c        0x8 ./Core/Src/stm32l4xx_it.o
                0x0800414c                BusFault_Handler
 .text.UsageFault_Handler
                0x08004154        0x8 ./Core/Src/stm32l4xx_it.o
                0x08004154                UsageFault_Handler
 .text.SVC_Handler
                0x0800415c        0xe ./Core/Src/stm32l4xx_it.o
                0x0800415c                SVC_Handler
 .text.DebugMon_Handler
                0x0800416a        0xe ./Core/Src/stm32l4xx_it.o
                0x0800416a                DebugMon_Handler
 .text.PendSV_Handler
                0x08004178        0xe ./Core/Src/stm32l4xx_it.o
                0x08004178                PendSV_Handler
 .text.SysTick_Handler
                0x08004186        0xc ./Core/Src/stm32l4xx_it.o
                0x08004186                SysTick_Handler
 *fill*         0x08004192        0x2 
 .text.DMA1_Channel1_IRQHandler
                0x08004194       0x14 ./Core/Src/stm32l4xx_it.o
                0x08004194                DMA1_Channel1_IRQHandler
 .text.DMA1_Channel2_IRQHandler
                0x080041a8       0x14 ./Core/Src/stm32l4xx_it.o
                0x080041a8                DMA1_Channel2_IRQHandler
 .text.I2C1_EV_IRQHandler
                0x080041bc       0x14 ./Core/Src/stm32l4xx_it.o
                0x080041bc                I2C1_EV_IRQHandler
 .text.I2C2_EV_IRQHandler
                0x080041d0       0x14 ./Core/Src/stm32l4xx_it.o
                0x080041d0                I2C2_EV_IRQHandler
 .text._getpid  0x080041e4       0x10 ./Core/Src/syscalls.o
                0x080041e4                _getpid
 .text._kill    0x080041f4       0x20 ./Core/Src/syscalls.o
                0x080041f4                _kill
 .text._exit    0x08004214       0x16 ./Core/Src/syscalls.o
                0x08004214                _exit
 .text._read    0x0800422a       0x3a ./Core/Src/syscalls.o
                0x0800422a                _read
 .text._write   0x08004264       0x38 ./Core/Src/syscalls.o
                0x08004264                _write
 .text._close   0x0800429c       0x18 ./Core/Src/syscalls.o
                0x0800429c                _close
 .text._fstat   0x080042b4       0x20 ./Core/Src/syscalls.o
                0x080042b4                _fstat
 .text._isatty  0x080042d4       0x16 ./Core/Src/syscalls.o
                0x080042d4                _isatty
 .text._lseek   0x080042ea       0x1a ./Core/Src/syscalls.o
                0x080042ea                _lseek
 .text._sbrk    0x08004304       0x6c ./Core/Src/sysmem.o
                0x08004304                _sbrk
 .text.SystemInit
                0x08004370       0x24 ./Core/Src/system_stm32l4xx.o
                0x08004370                SystemInit
 .text.VL53L0X_GetOffsetCalibrationDataMicroMeter
                0x08004394       0x26 ./Core/Src/vl53l0x_api.o
                0x08004394                VL53L0X_GetOffsetCalibrationDataMicroMeter
 *fill*         0x080043ba        0x2 
 .text.VL53L0X_DataInit
                0x080043bc      0x30c ./Core/Src/vl53l0x_api.o
                0x080043bc                VL53L0X_DataInit
 .text.VL53L0X_StaticInit
                0x080046c8      0x304 ./Core/Src/vl53l0x_api.o
                0x080046c8                VL53L0X_StaticInit
 .text.VL53L0X_GetDeviceParameters
                0x080049cc      0x16a ./Core/Src/vl53l0x_api.o
                0x080049cc                VL53L0X_GetDeviceParameters
 *fill*         0x08004b36        0x2 
 .text.VL53L0X_SetDeviceMode
                0x08004b38       0x58 ./Core/Src/vl53l0x_api.o
                0x08004b38                VL53L0X_SetDeviceMode
 .text.VL53L0X_GetDeviceMode
                0x08004b90       0x26 ./Core/Src/vl53l0x_api.o
                0x08004b90                VL53L0X_GetDeviceMode
 .text.VL53L0X_GetFractionEnable
                0x08004bb6       0x3e ./Core/Src/vl53l0x_api.o
                0x08004bb6                VL53L0X_GetFractionEnable
 .text.VL53L0X_SetMeasurementTimingBudgetMicroSeconds
                0x08004bf4       0x26 ./Core/Src/vl53l0x_api.o
                0x08004bf4                VL53L0X_SetMeasurementTimingBudgetMicroSeconds
 .text.VL53L0X_GetMeasurementTimingBudgetMicroSeconds
                0x08004c1a       0x26 ./Core/Src/vl53l0x_api.o
                0x08004c1a                VL53L0X_GetMeasurementTimingBudgetMicroSeconds
 .text.VL53L0X_GetVcselPulsePeriod
                0x08004c40       0x2e ./Core/Src/vl53l0x_api.o
                0x08004c40                VL53L0X_GetVcselPulsePeriod
 *fill*         0x08004c6e        0x2 
 .text.VL53L0X_SetSequenceStepEnable
                0x08004c70      0x140 ./Core/Src/vl53l0x_api.o
                0x08004c70                VL53L0X_SetSequenceStepEnable
 .text.sequence_step_enabled
                0x08004db0       0xa4 ./Core/Src/vl53l0x_api.o
                0x08004db0                sequence_step_enabled
 .text.VL53L0X_GetSequenceStepEnables
                0x08004e54       0xb0 ./Core/Src/vl53l0x_api.o
                0x08004e54                VL53L0X_GetSequenceStepEnables
 .text.VL53L0X_GetInterMeasurementPeriodMilliSeconds
                0x08004f04       0x68 ./Core/Src/vl53l0x_api.o
                0x08004f04                VL53L0X_GetInterMeasurementPeriodMilliSeconds
 .text.VL53L0X_GetXTalkCompensationEnable
                0x08004f6c       0x2a ./Core/Src/vl53l0x_api.o
                0x08004f6c                VL53L0X_GetXTalkCompensationEnable
 .text.VL53L0X_GetXTalkCompensationRateMegaCps
                0x08004f96       0x66 ./Core/Src/vl53l0x_api.o
                0x08004f96                VL53L0X_GetXTalkCompensationRateMegaCps
 .text.VL53L0X_SetLimitCheckEnable
                0x08004ffc      0x118 ./Core/Src/vl53l0x_api.o
                0x08004ffc                VL53L0X_SetLimitCheckEnable
 .text.VL53L0X_GetLimitCheckEnable
                0x08005114       0x46 ./Core/Src/vl53l0x_api.o
                0x08005114                VL53L0X_GetLimitCheckEnable
 *fill*         0x0800515a        0x2 
 .text.VL53L0X_SetLimitCheckValue
                0x0800515c       0xc4 ./Core/Src/vl53l0x_api.o
                0x0800515c                VL53L0X_SetLimitCheckValue
 .text.VL53L0X_GetLimitCheckValue
                0x08005220      0x11c ./Core/Src/vl53l0x_api.o
                0x08005220                VL53L0X_GetLimitCheckValue
 .text.VL53L0X_GetWrapAroundCheckEnable
                0x0800533c       0x64 ./Core/Src/vl53l0x_api.o
                0x0800533c                VL53L0X_GetWrapAroundCheckEnable
 .text.VL53L0X_PerformSingleMeasurement
                0x080053a0       0x68 ./Core/Src/vl53l0x_api.o
                0x080053a0                VL53L0X_PerformSingleMeasurement
 .text.VL53L0X_PerformRefCalibration
                0x08005408       0x2c ./Core/Src/vl53l0x_api.o
                0x08005408                VL53L0X_PerformRefCalibration
 .text.VL53L0X_CheckAndLoadInterruptSettings
                0x08005434      0x1e4 ./Core/Src/vl53l0x_api.o
                0x08005434                VL53L0X_CheckAndLoadInterruptSettings
 .text.VL53L0X_StartMeasurement
                0x08005618      0x184 ./Core/Src/vl53l0x_api.o
                0x08005618                VL53L0X_StartMeasurement
 .text.VL53L0X_GetMeasurementDataReady
                0x0800579c       0x80 ./Core/Src/vl53l0x_api.o
                0x0800579c                VL53L0X_GetMeasurementDataReady
 .text.VL53L0X_GetRangingMeasurementData
                0x0800581c      0x238 ./Core/Src/vl53l0x_api.o
                0x0800581c                VL53L0X_GetRangingMeasurementData
 .text.VL53L0X_PerformSingleRangingMeasurement
                0x08005a54       0x60 ./Core/Src/vl53l0x_api.o
                0x08005a54                VL53L0X_PerformSingleRangingMeasurement
 .text.VL53L0X_SetGpioConfig
                0x08005ab4      0x244 ./Core/Src/vl53l0x_api.o
                0x08005ab4                VL53L0X_SetGpioConfig
 .text.VL53L0X_SetInterruptThresholds
                0x08005cf8       0x60 ./Core/Src/vl53l0x_api.o
                0x08005cf8                VL53L0X_SetInterruptThresholds
 .text.VL53L0X_GetInterruptThresholds
                0x08005d58       0x68 ./Core/Src/vl53l0x_api.o
                0x08005d58                VL53L0X_GetInterruptThresholds
 .text.VL53L0X_ClearInterruptMask
                0x08005dc0       0x80 ./Core/Src/vl53l0x_api.o
                0x08005dc0                VL53L0X_ClearInterruptMask
 .text.VL53L0X_GetInterruptMaskStatus
                0x08005e40       0x44 ./Core/Src/vl53l0x_api.o
                0x08005e40                VL53L0X_GetInterruptMaskStatus
 .text.VL53L0X_PerformRefSpadManagement
                0x08005e84       0x2a ./Core/Src/vl53l0x_api.o
                0x08005e84                VL53L0X_PerformRefSpadManagement
 .text.VL53L0X_get_offset_calibration_data_micro_meter
                0x08005eae       0x7e ./Core/Src/vl53l0x_api_calibration.o
                0x08005eae                VL53L0X_get_offset_calibration_data_micro_meter
 .text.get_next_good_spad
                0x08005f2c       0xbc ./Core/Src/vl53l0x_api_calibration.o
                0x08005f2c                get_next_good_spad
 .text.is_aperture
                0x08005fe8       0x34 ./Core/Src/vl53l0x_api_calibration.o
                0x08005fe8                is_aperture
 .text.enable_spad_bit
                0x0800601c       0x70 ./Core/Src/vl53l0x_api_calibration.o
                0x0800601c                enable_spad_bit
 .text.set_ref_spad_map
                0x0800608c       0x26 ./Core/Src/vl53l0x_api_calibration.o
                0x0800608c                set_ref_spad_map
 .text.get_ref_spad_map
                0x080060b2       0x26 ./Core/Src/vl53l0x_api_calibration.o
                0x080060b2                get_ref_spad_map
 .text.enable_ref_spads
                0x080060d8       0xf8 ./Core/Src/vl53l0x_api_calibration.o
                0x080060d8                enable_ref_spads
 .text.perform_ref_signal_measurement
                0x080061d0       0xd4 ./Core/Src/vl53l0x_api_calibration.o
                0x080061d0                perform_ref_signal_measurement
 .text.VL53L0X_perform_ref_spad_management
                0x080062a4      0x418 ./Core/Src/vl53l0x_api_calibration.o
                0x080062a4                VL53L0X_perform_ref_spad_management
 .text.VL53L0X_set_reference_spads
                0x080066bc      0x14a ./Core/Src/vl53l0x_api_calibration.o
                0x080066bc                VL53L0X_set_reference_spads
 .text.VL53L0X_perform_single_ref_calibration
                0x08006806       0x76 ./Core/Src/vl53l0x_api_calibration.o
                0x08006806                VL53L0X_perform_single_ref_calibration
 .text.VL53L0X_ref_calibration_io
                0x0800687c      0x132 ./Core/Src/vl53l0x_api_calibration.o
                0x0800687c                VL53L0X_ref_calibration_io
 .text.VL53L0X_perform_vhv_calibration
                0x080069ae       0xce ./Core/Src/vl53l0x_api_calibration.o
                0x080069ae                VL53L0X_perform_vhv_calibration
 .text.VL53L0X_perform_phase_calibration
                0x08006a7c       0xca ./Core/Src/vl53l0x_api_calibration.o
                0x08006a7c                VL53L0X_perform_phase_calibration
 .text.VL53L0X_perform_ref_calibration
                0x08006b46       0x7a ./Core/Src/vl53l0x_api_calibration.o
                0x08006b46                VL53L0X_perform_ref_calibration
 .text.VL53L0X_measurement_poll_for_completion
                0x08006bc0       0x60 ./Core/Src/vl53l0x_api_core.o
                0x08006bc0                VL53L0X_measurement_poll_for_completion
 .text.VL53L0X_decode_vcsel_period
                0x08006c20       0x26 ./Core/Src/vl53l0x_api_core.o
                0x08006c20                VL53L0X_decode_vcsel_period
 .text.VL53L0X_isqrt
                0x08006c46       0x68 ./Core/Src/vl53l0x_api_core.o
                0x08006c46                VL53L0X_isqrt
 .text.VL53L0X_device_read_strobe
                0x08006cae       0x86 ./Core/Src/vl53l0x_api_core.o
                0x08006cae                VL53L0X_device_read_strobe
 .text.VL53L0X_get_info_from_device
                0x08006d34      0x99c ./Core/Src/vl53l0x_api_core.o
                0x08006d34                VL53L0X_get_info_from_device
 .text.VL53L0X_calc_macro_period_ps
                0x080076d0       0x3c ./Core/Src/vl53l0x_api_core.o
                0x080076d0                VL53L0X_calc_macro_period_ps
 .text.VL53L0X_encode_timeout
                0x0800770c       0x54 ./Core/Src/vl53l0x_api_core.o
                0x0800770c                VL53L0X_encode_timeout
 .text.VL53L0X_decode_timeout
                0x08007760       0x2c ./Core/Src/vl53l0x_api_core.o
                0x08007760                VL53L0X_decode_timeout
 .text.VL53L0X_calc_timeout_mclks
                0x0800778c       0x54 ./Core/Src/vl53l0x_api_core.o
                0x0800778c                VL53L0X_calc_timeout_mclks
 .text.VL53L0X_calc_timeout_us
                0x080077e0       0x54 ./Core/Src/vl53l0x_api_core.o
                0x080077e0                VL53L0X_calc_timeout_us
 .text.get_sequence_step_timeout
                0x08007834      0x1c0 ./Core/Src/vl53l0x_api_core.o
                0x08007834                get_sequence_step_timeout
 .text.set_sequence_step_timeout
                0x080079f4      0x1e4 ./Core/Src/vl53l0x_api_core.o
                0x080079f4                set_sequence_step_timeout
 .text.VL53L0X_get_vcsel_pulse_period
                0x08007bd8       0x6e ./Core/Src/vl53l0x_api_core.o
                0x08007bd8                VL53L0X_get_vcsel_pulse_period
 .text.VL53L0X_set_measurement_timing_budget_micro_seconds
                0x08007c46      0x1a6 ./Core/Src/vl53l0x_api_core.o
                0x08007c46                VL53L0X_set_measurement_timing_budget_micro_seconds
 .text.VL53L0X_get_measurement_timing_budget_micro_seconds
                0x08007dec      0x162 ./Core/Src/vl53l0x_api_core.o
                0x08007dec                VL53L0X_get_measurement_timing_budget_micro_seconds
 *fill*         0x08007f4e        0x2 
 .text.VL53L0X_load_tuning_settings
                0x08007f50      0x1c4 ./Core/Src/vl53l0x_api_core.o
                0x08007f50                VL53L0X_load_tuning_settings
 .text.VL53L0X_get_total_xtalk_rate
                0x08008114       0x5e ./Core/Src/vl53l0x_api_core.o
                0x08008114                VL53L0X_get_total_xtalk_rate
 .text.VL53L0X_get_total_signal_rate
                0x08008172       0x4a ./Core/Src/vl53l0x_api_core.o
                0x08008172                VL53L0X_get_total_signal_rate
 .text.get_dmax_lut_points
                0x080081bc       0x8e ./Core/Src/vl53l0x_api_core.o
                0x080081bc                get_dmax_lut_points
 .text.VL53L0X_calc_dmax
                0x0800824a      0x14c ./Core/Src/vl53l0x_api_core.o
                0x0800824a                VL53L0X_calc_dmax
 *fill*         0x08008396        0x2 
 .text.VL53L0X_calc_sigma_estimate
                0x08008398      0x45c ./Core/Src/vl53l0x_api_core.o
                0x08008398                VL53L0X_calc_sigma_estimate
 .text.VL53L0X_get_pal_range_status
                0x080087f4      0x3c4 ./Core/Src/vl53l0x_api_core.o
                0x080087f4                VL53L0X_get_pal_range_status
 .text.vl53_to_error
                0x08008bb8       0x24 ./Core/Src/vl53l0x_platform.o
 .text.VL53L0X_WriteMulti
                0x08008bdc       0x4c ./Core/Src/vl53l0x_platform.o
                0x08008bdc                VL53L0X_WriteMulti
 .text.VL53L0X_ReadMulti
                0x08008c28       0x4c ./Core/Src/vl53l0x_platform.o
                0x08008c28                VL53L0X_ReadMulti
 .text.VL53L0X_WrByte
                0x08008c74       0x26 ./Core/Src/vl53l0x_platform.o
                0x08008c74                VL53L0X_WrByte
 .text.VL53L0X_WrWord
                0x08008c9a       0x38 ./Core/Src/vl53l0x_platform.o
                0x08008c9a                VL53L0X_WrWord
 .text.VL53L0X_RdByte
                0x08008cd2       0x24 ./Core/Src/vl53l0x_platform.o
                0x08008cd2                VL53L0X_RdByte
 .text.VL53L0X_RdWord
                0x08008cf6       0x4a ./Core/Src/vl53l0x_platform.o
                0x08008cf6                VL53L0X_RdWord
 .text.VL53L0X_RdDWord
                0x08008d40       0x4c ./Core/Src/vl53l0x_platform.o
                0x08008d40                VL53L0X_RdDWord
 .text.VL53L0X_UpdateByte
                0x08008d8c       0x64 ./Core/Src/vl53l0x_platform.o
                0x08008d8c                VL53L0X_UpdateByte
 .text.VL53L0X_PollingDelay
                0x08008df0       0x18 ./Core/Src/vl53l0x_platform.o
                0x08008df0                VL53L0X_PollingDelay
 .text.Reset_Handler
                0x08008e08       0x50 ./Core/Startup/startup_stm32l4r5zitxp.o
                0x08008e08                Reset_Handler
 .text.Default_Handler
                0x08008e58        0x2 ./Core/Startup/startup_stm32l4r5zitxp.o
                0x08008e58                TIM1_BRK_TIM15_IRQHandler
                0x08008e58                EXTI2_IRQHandler
                0x08008e58                TIM8_TRG_COM_IRQHandler
                0x08008e58                TIM8_CC_IRQHandler
                0x08008e58                TIM1_CC_IRQHandler
                0x08008e58                TSC_IRQHandler
                0x08008e58                TAMP_STAMP_IRQHandler
                0x08008e58                EXTI3_IRQHandler
                0x08008e58                LPTIM2_IRQHandler
                0x08008e58                DFSDM1_FLT1_IRQHandler
                0x08008e58                GFXMMU_IRQHandler
                0x08008e58                I2C3_ER_IRQHandler
                0x08008e58                DFSDM1_FLT2_IRQHandler
                0x08008e58                EXTI0_IRQHandler
                0x08008e58                CAN1_RX0_IRQHandler
                0x08008e58                FPU_IRQHandler
                0x08008e58                TIM1_UP_TIM16_IRQHandler
                0x08008e58                LTDC_ER_IRQHandler
                0x08008e58                SPI1_IRQHandler
                0x08008e58                OCTOSPI1_IRQHandler
                0x08008e58                TIM6_DAC_IRQHandler
                0x08008e58                DCMI_IRQHandler
                0x08008e58                TIM8_UP_IRQHandler
                0x08008e58                OCTOSPI2_IRQHandler
                0x08008e58                DMA2_Channel2_IRQHandler
                0x08008e58                DMA1_Channel4_IRQHandler
                0x08008e58                SAI2_IRQHandler
                0x08008e58                ADC1_IRQHandler
                0x08008e58                DFSDM1_FLT3_IRQHandler
                0x08008e58                USART3_IRQHandler
                0x08008e58                DMA1_Channel7_IRQHandler
                0x08008e58                CAN1_RX1_IRQHandler
                0x08008e58                UART5_IRQHandler
                0x08008e58                TIM4_IRQHandler
                0x08008e58                DMA2_Channel1_IRQHandler
                0x08008e58                DMAMUX1_OVR_IRQHandler
                0x08008e58                DMA1_Channel6_IRQHandler
                0x08008e58                UART4_IRQHandler
                0x08008e58                DMA2_Channel4_IRQHandler
                0x08008e58                TIM3_IRQHandler
                0x08008e58                RCC_IRQHandler
                0x08008e58                Default_Handler
                0x08008e58                DMA2_Channel7_IRQHandler
                0x08008e58                EXTI15_10_IRQHandler
                0x08008e58                TIM7_IRQHandler
                0x08008e58                SDMMC1_IRQHandler
                0x08008e58                TIM5_IRQHandler
                0x08008e58                I2C3_EV_IRQHandler
                0x08008e58                EXTI9_5_IRQHandler
                0x08008e58                RTC_WKUP_IRQHandler
                0x08008e58                LTDC_IRQHandler
                0x08008e58                PVD_PVM_IRQHandler
                0x08008e58                SPI2_IRQHandler
                0x08008e58                CAN1_TX_IRQHandler
                0x08008e58                DMA2_Channel5_IRQHandler
                0x08008e58                CRS_IRQHandler
                0x08008e58                DMA1_Channel5_IRQHandler
                0x08008e58                EXTI4_IRQHandler
                0x08008e58                RNG_IRQHandler
                0x08008e58                TIM1_TRG_COM_TIM17_IRQHandler
                0x08008e58                DMA1_Channel3_IRQHandler
                0x08008e58                COMP_IRQHandler
                0x08008e58                WWDG_IRQHandler
                0x08008e58                I2C4_EV_IRQHandler
                0x08008e58                LPUART1_IRQHandler
                0x08008e58                DMA2_Channel6_IRQHandler
                0x08008e58                TIM2_IRQHandler
                0x08008e58                DMA2D_IRQHandler
                0x08008e58                EXTI1_IRQHandler
                0x08008e58                USART2_IRQHandler
                0x08008e58                DFSDM1_FLT0_IRQHandler
                0x08008e58                I2C2_ER_IRQHandler
                0x08008e58                TIM8_BRK_IRQHandler
                0x08008e58                CAN1_SCE_IRQHandler
                0x08008e58                FLASH_IRQHandler
                0x08008e58                USART1_IRQHandler
                0x08008e58                OTG_FS_IRQHandler
                0x08008e58                SPI3_IRQHandler
                0x08008e58                I2C1_ER_IRQHandler
                0x08008e58                FMC_IRQHandler
                0x08008e58                LPTIM1_IRQHandler
                0x08008e58                I2C4_ER_IRQHandler
                0x08008e58                SAI1_IRQHandler
                0x08008e58                DMA2_Channel3_IRQHandler
                0x08008e58                RTC_Alarm_IRQHandler
 .text.HAL_Init
                0x08008e5a       0x30 ./Drivers/STM32L4xx_HAL_Driver/Src/stm32l4xx_hal.o
                0x08008e5a                HAL_Init
 *fill*         0x08008e8a        0x2 
 .text.HAL_InitTick
                0x08008e8c       0x78 ./Drivers/STM32L4xx_HAL_Driver/Src/stm32l4xx_hal.o
                0x08008e8c                HAL_InitTick
 .text.HAL_IncTick
                0x08008f04       0x28 ./Drivers/STM32L4xx_HAL_Driver/Src/stm32l4xx_hal.o
                0x08008f04                HAL_IncTick
 .text.HAL_GetTick
                0x08008f2c       0x18 ./Drivers/STM32L4xx_HAL_Driver/Src/stm32l4xx_hal.o
                0x08008f2c                HAL_GetTick
 .text.HAL_Delay
                0x08008f44       0x48 ./Drivers/STM32L4xx_HAL_Driver/Src/stm32l4xx_hal.o
                0x08008f44                HAL_Delay
 .text.__NVIC_SetPriorityGrouping
                0x08008f8c       0x48 ./Drivers/STM32L4xx_HAL_Driver/Src/stm32l4xx_hal_cortex.o
 .text.__NVIC_GetPriorityGrouping
                0x08008fd4       0x1c ./Drivers/STM32L4xx_HAL_Driver/Src/stm32l4xx_hal_cortex.o
 .text.__NVIC_EnableIRQ
                0x08008ff0       0x3c ./Drivers/STM32L4xx_HAL_Driver/Src/stm32l4xx_hal_cortex.o
 .text.__NVIC_SetPriority
                0x0800902c       0x54 ./Drivers/STM32L4xx_HAL_Driver/Src/stm32l4xx_hal_cortex.o
 .text.NVIC_EncodePriority
                0x08009080       0x66 ./Drivers/STM32L4xx_HAL_Driver/Src/stm32l4xx_hal_cortex.o
 *fill*         0x080090e6        0x2 
 .text.SysTick_Config
                0x080090e8       0x44 ./Drivers/STM32L4xx_HAL_Driver/Src/stm32l4xx_hal_cortex.o
 .text.HAL_NVIC_SetPriorityGrouping
                0x0800912c       0x16 ./Drivers/STM32L4xx_HAL_Driver/Src/stm32l4xx_hal_cortex.o
                0x0800912c                HAL_NVIC_SetPriorityGrouping
 .text.HAL_NVIC_SetPriority
                0x08009142       0x38 ./Drivers/STM32L4xx_HAL_Driver/Src/stm32l4xx_hal_cortex.o
                0x08009142                HAL_NVIC_SetPriority
 .text.HAL_NVIC_EnableIRQ
                0x0800917a       0x1c ./Drivers/STM32L4xx_HAL_Driver/Src/stm32l4xx_hal_cortex.o
                0x0800917a                HAL_NVIC_EnableIRQ
 .text.HAL_SYSTICK_Config
                0x08009196       0x18 ./Drivers/STM32L4xx_HAL_Driver/Src/stm32l4xx_hal_cortex.o
                0x08009196                HAL_SYSTICK_Config
 *fill*         0x080091ae        0x2 
 .text.HAL_DMA_Init
                0x080091b0      0x150 ./Drivers/STM32L4xx_HAL_Driver/Src/stm32l4xx_hal_dma.o
                0x080091b0                HAL_DMA_Init
 .text.HAL_DMA_Start_IT
                0x08009300       0xfc ./Drivers/STM32L4xx_HAL_Driver/Src/stm32l4xx_hal_dma.o
                0x08009300                HAL_DMA_Start_IT
 .text.HAL_DMA_Abort_IT
                0x080093fc       0xbe ./Drivers/STM32L4xx_HAL_Driver/Src/stm32l4xx_hal_dma.o
                0x080093fc                HAL_DMA_Abort_IT
 *fill*         0x080094ba        0x2 
 .text.HAL_DMA_IRQHandler
                0x080094bc      0x18c ./Drivers/STM32L4xx_HAL_Driver/Src/stm32l4xx_hal_dma.o
                0x080094bc                HAL_DMA_IRQHandler
 .text.HAL_DMA_GetState
                0x08009648       0x1c ./Drivers/STM32L4xx_HAL_Driver/Src/stm32l4xx_hal_dma.o
                0x08009648                HAL_DMA_GetState
 .text.DMA_SetConfig
                0x08009664       0x7c ./Drivers/STM32L4xx_HAL_Driver/Src/stm32l4xx_hal_dma.o
 .text.DMA_CalcDMAMUXChannelBaseAndMask
                0x080096e0       0x90 ./Drivers/STM32L4xx_HAL_Driver/Src/stm32l4xx_hal_dma.o
 .text.DMA_CalcDMAMUXRequestGenBaseAndMask
                0x08009770       0x48 ./Drivers/STM32L4xx_HAL_Driver/Src/stm32l4xx_hal_dma.o
 .text.HAL_FLASH_Program
                0x080097b8       0xd8 ./Drivers/STM32L4xx_HAL_Driver/Src/stm32l4xx_hal_flash.o
                0x080097b8                HAL_FLASH_Program
 .text.HAL_FLASH_Unlock
                0x08009890       0x44 ./Drivers/STM32L4xx_HAL_Driver/Src/stm32l4xx_hal_flash.o
                0x08009890                HAL_FLASH_Unlock
 .text.HAL_FLASH_Lock
                0x080098d4       0x20 ./Drivers/STM32L4xx_HAL_Driver/Src/stm32l4xx_hal_flash.o
                0x080098d4                HAL_FLASH_Lock
 .text.FLASH_WaitForLastOperation
                0x080098f4       0xac ./Drivers/STM32L4xx_HAL_Driver/Src/stm32l4xx_hal_flash.o
                0x080098f4                FLASH_WaitForLastOperation
 .text.FLASH_Program_DoubleWord
                0x080099a0       0x4c ./Drivers/STM32L4xx_HAL_Driver/Src/stm32l4xx_hal_flash.o
 .text.FLASH_Program_Fast
                0x080099ec       0x6c ./Drivers/STM32L4xx_HAL_Driver/Src/stm32l4xx_hal_flash.o
 .text.HAL_FLASHEx_Erase
                0x08009a58      0x138 ./Drivers/STM32L4xx_HAL_Driver/Src/stm32l4xx_hal_flash_ex.o
                0x08009a58                HAL_FLASHEx_Erase
 .text.FLASH_MassErase
                0x08009b90       0x70 ./Drivers/STM32L4xx_HAL_Driver/Src/stm32l4xx_hal_flash_ex.o
 .text.FLASH_PageErase
                0x08009c00       0x88 ./Drivers/STM32L4xx_HAL_Driver/Src/stm32l4xx_hal_flash_ex.o
                0x08009c00                FLASH_PageErase
 .text.FLASH_FlushCaches
                0x08009c88       0x94 ./Drivers/STM32L4xx_HAL_Driver/Src/stm32l4xx_hal_flash_ex.o
                0x08009c88                FLASH_FlushCaches
 .text.HAL_GPIO_Init
                0x08009d1c      0x324 ./Drivers/STM32L4xx_HAL_Driver/Src/stm32l4xx_hal_gpio.o
                0x08009d1c                HAL_GPIO_Init
 .text.HAL_GPIO_ReadPin
                0x0800a040       0x30 ./Drivers/STM32L4xx_HAL_Driver/Src/stm32l4xx_hal_gpio.o
                0x0800a040                HAL_GPIO_ReadPin
 .text.HAL_GPIO_WritePin
                0x0800a070       0x30 ./Drivers/STM32L4xx_HAL_Driver/Src/stm32l4xx_hal_gpio.o
                0x0800a070                HAL_GPIO_WritePin
 .text.HAL_GPIO_TogglePin
                0x0800a0a0       0x34 ./Drivers/STM32L4xx_HAL_Driver/Src/stm32l4xx_hal_gpio.o
                0x0800a0a0                HAL_GPIO_TogglePin
 .text.HAL_I2C_Init
                0x0800a0d4      0x136 ./Drivers/STM32L4xx_HAL_Driver/Src/stm32l4xx_hal_i2c.o
                0x0800a0d4                HAL_I2C_Init
 *fill*         0x0800a20a        0x2 
 .text.HAL_I2C_Mem_Write
                0x0800a20c      0x228 ./Drivers/STM32L4xx_HAL_Driver/Src/stm32l4xx_hal_i2c.o
                0x0800a20c                HAL_I2C_Mem_Write
 .text.HAL_I2C_Mem_Read
                0x0800a434      0x234 ./Drivers/STM32L4xx_HAL_Driver/Src/stm32l4xx_hal_i2c.o
                0x0800a434                HAL_I2C_Mem_Read
 .text.HAL_I2C_Mem_Read_DMA
                0x0800a668      0x1cc ./Drivers/STM32L4xx_HAL_Driver/Src/stm32l4xx_hal_i2c.o
                0x0800a668                HAL_I2C_Mem_Read_DMA
 .text.HAL_I2C_EV_IRQHandler
                0x0800a834       0x34 ./Drivers/STM32L4xx_HAL_Driver/Src/stm32l4xx_hal_i2c.o
                0x0800a834                HAL_I2C_EV_IRQHandler
 .text.HAL_I2C_MasterTxCpltCallback
                0x0800a868       0x14 ./Drivers/STM32L4xx_HAL_Driver/Src/stm32l4xx_hal_i2c.o
                0x0800a868                HAL_I2C_MasterTxCpltCallback
 .text.HAL_I2C_MasterRxCpltCallback
                0x0800a87c       0x14 ./Drivers/STM32L4xx_HAL_Driver/Src/stm32l4xx_hal_i2c.o
                0x0800a87c                HAL_I2C_MasterRxCpltCallback
 .text.HAL_I2C_SlaveTxCpltCallback
                0x0800a890       0x14 ./Drivers/STM32L4xx_HAL_Driver/Src/stm32l4xx_hal_i2c.o
                0x0800a890                HAL_I2C_SlaveTxCpltCallback
 .text.HAL_I2C_SlaveRxCpltCallback
                0x0800a8a4       0x14 ./Drivers/STM32L4xx_HAL_Driver/Src/stm32l4xx_hal_i2c.o
                0x0800a8a4                HAL_I2C_SlaveRxCpltCallback
 .text.HAL_I2C_AddrCallback
                0x0800a8b8       0x1c ./Drivers/STM32L4xx_HAL_Driver/Src/stm32l4xx_hal_i2c.o
                0x0800a8b8                HAL_I2C_AddrCallback
 .text.HAL_I2C_ListenCpltCallback
                0x0800a8d4       0x14 ./Drivers/STM32L4xx_HAL_Driver/Src/stm32l4xx_hal_i2c.o
                0x0800a8d4                HAL_I2C_ListenCpltCallback
 .text.HAL_I2C_MemTxCpltCallback
                0x0800a8e8       0x14 ./Drivers/STM32L4xx_HAL_Driver/Src/stm32l4xx_hal_i2c.o
                0x0800a8e8                HAL_I2C_MemTxCpltCallback
 .text.HAL_I2C_ErrorCallback
                0x0800a8fc       0x14 ./Drivers/STM32L4xx_HAL_Driver/Src/stm32l4xx_hal_i2c.o
                0x0800a8fc                HAL_I2C_ErrorCallback
 .text.HAL_I2C_AbortCpltCallback
                0x0800a910       0x14 ./Drivers/STM32L4xx_HAL_Driver/Src/stm32l4xx_hal_i2c.o
                0x0800a910                HAL_I2C_AbortCpltCallback
 .text.I2C_Slave_ISR_IT
                0x0800a924      0x208 ./Drivers/STM32L4xx_HAL_Driver/Src/stm32l4xx_hal_i2c.o
 .text.I2C_Master_ISR_DMA
                0x0800ab2c      0x204 ./Drivers/STM32L4xx_HAL_Driver/Src/stm32l4xx_hal_i2c.o
 .text.I2C_Mem_ISR_DMA
                0x0800ad30      0x29c ./Drivers/STM32L4xx_HAL_Driver/Src/stm32l4xx_hal_i2c.o
 .text.I2C_Slave_ISR_DMA
                0x0800afcc      0x1c2 ./Drivers/STM32L4xx_HAL_Driver/Src/stm32l4xx_hal_i2c.o
 *fill*         0x0800b18e        0x2 
 .text.I2C_RequestMemoryWrite
                0x0800b190       0xa8 ./Drivers/STM32L4xx_HAL_Driver/Src/stm32l4xx_hal_i2c.o
 .text.I2C_RequestMemoryRead
                0x0800b238       0xa8 ./Drivers/STM32L4xx_HAL_Driver/Src/stm32l4xx_hal_i2c.o
 .text.I2C_ITAddrCplt
                0x0800b2e0      0x108 ./Drivers/STM32L4xx_HAL_Driver/Src/stm32l4xx_hal_i2c.o
 .text.I2C_ITMasterSeqCplt
                0x0800b3e8       0x7a ./Drivers/STM32L4xx_HAL_Driver/Src/stm32l4xx_hal_i2c.o
 .text.I2C_ITSlaveSeqCplt
                0x0800b462       0xbc ./Drivers/STM32L4xx_HAL_Driver/Src/stm32l4xx_hal_i2c.o
 *fill*         0x0800b51e        0x2 
 .text.I2C_ITMasterCplt
                0x0800b520      0x194 ./Drivers/STM32L4xx_HAL_Driver/Src/stm32l4xx_hal_i2c.o
 .text.I2C_ITSlaveCplt
                0x0800b6b4      0x2d4 ./Drivers/STM32L4xx_HAL_Driver/Src/stm32l4xx_hal_i2c.o
 .text.I2C_ITListenCplt
                0x0800b988       0xac ./Drivers/STM32L4xx_HAL_Driver/Src/stm32l4xx_hal_i2c.o
 .text.I2C_ITError
                0x0800ba34      0x1e0 ./Drivers/STM32L4xx_HAL_Driver/Src/stm32l4xx_hal_i2c.o
 .text.I2C_TreatErrorCallback
                0x0800bc14       0x4e ./Drivers/STM32L4xx_HAL_Driver/Src/stm32l4xx_hal_i2c.o
 .text.I2C_Flush_TXDR
                0x0800bc62       0x48 ./Drivers/STM32L4xx_HAL_Driver/Src/stm32l4xx_hal_i2c.o
 .text.I2C_DMAMasterReceiveCplt
                0x0800bcaa       0xb2 ./Drivers/STM32L4xx_HAL_Driver/Src/stm32l4xx_hal_i2c.o
 .text.I2C_DMAError
                0x0800bd5c       0x2e ./Drivers/STM32L4xx_HAL_Driver/Src/stm32l4xx_hal_i2c.o
 .text.I2C_DMAAbort
                0x0800bd8a       0x3c ./Drivers/STM32L4xx_HAL_Driver/Src/stm32l4xx_hal_i2c.o
 .text.I2C_WaitOnFlagUntilTimeout
                0x0800bdc6       0xb2 ./Drivers/STM32L4xx_HAL_Driver/Src/stm32l4xx_hal_i2c.o
 .text.I2C_WaitOnTXISFlagUntilTimeout
                0x0800be78       0x8e ./Drivers/STM32L4xx_HAL_Driver/Src/stm32l4xx_hal_i2c.o
 .text.I2C_WaitOnSTOPFlagUntilTimeout
                0x0800bf06       0x86 ./Drivers/STM32L4xx_HAL_Driver/Src/stm32l4xx_hal_i2c.o
 .text.I2C_IsErrorOccurred
                0x0800bf8c      0x1c0 ./Drivers/STM32L4xx_HAL_Driver/Src/stm32l4xx_hal_i2c.o
 .text.I2C_TransferConfig
                0x0800c14c       0x64 ./Drivers/STM32L4xx_HAL_Driver/Src/stm32l4xx_hal_i2c.o
 .text.I2C_Enable_IRQ
                0x0800c1b0      0x108 ./Drivers/STM32L4xx_HAL_Driver/Src/stm32l4xx_hal_i2c.o
 .text.I2C_Disable_IRQ
                0x0800c2b8       0xbc ./Drivers/STM32L4xx_HAL_Driver/Src/stm32l4xx_hal_i2c.o
 .text.HAL_I2CEx_ConfigAnalogFilter
                0x0800c374       0x96 ./Drivers/STM32L4xx_HAL_Driver/Src/stm32l4xx_hal_i2c_ex.o
                0x0800c374                HAL_I2CEx_ConfigAnalogFilter
 .text.HAL_I2CEx_ConfigDigitalFilter
                0x0800c40a       0x98 ./Drivers/STM32L4xx_HAL_Driver/Src/stm32l4xx_hal_i2c_ex.o
                0x0800c40a                HAL_I2CEx_ConfigDigitalFilter
 *fill*         0x0800c4a2        0x2 
 .text.HAL_PWREx_GetVoltageRange
                0x0800c4a4       0x40 ./Drivers/STM32L4xx_HAL_Driver/Src/stm32l4xx_hal_pwr_ex.o
                0x0800c4a4                HAL_PWREx_GetVoltageRange
 .text.HAL_PWREx_ControlVoltageScaling
                0x0800c4e4      0x148 ./Drivers/STM32L4xx_HAL_Driver/Src/stm32l4xx_hal_pwr_ex.o
                0x0800c4e4                HAL_PWREx_ControlVoltageScaling
 .text.HAL_PWREx_EnableVddIO2
                0x0800c62c       0x20 ./Drivers/STM32L4xx_HAL_Driver/Src/stm32l4xx_hal_pwr_ex.o
                0x0800c62c                HAL_PWREx_EnableVddIO2
 .text.HAL_RCC_OscConfig
                0x0800c64c      0x834 ./Drivers/STM32L4xx_HAL_Driver/Src/stm32l4xx_hal_rcc.o
                0x0800c64c                HAL_RCC_OscConfig
 .text.HAL_RCC_ClockConfig
                0x0800ce80      0x274 ./Drivers/STM32L4xx_HAL_Driver/Src/stm32l4xx_hal_rcc.o
                0x0800ce80                HAL_RCC_ClockConfig
 .text.HAL_RCC_GetSysClockFreq
                0x0800d0f4      0x118 ./Drivers/STM32L4xx_HAL_Driver/Src/stm32l4xx_hal_rcc.o
                0x0800d0f4                HAL_RCC_GetSysClockFreq
 .text.HAL_RCC_GetHCLKFreq
                0x0800d20c       0x18 ./Drivers/STM32L4xx_HAL_Driver/Src/stm32l4xx_hal_rcc.o
                0x0800d20c                HAL_RCC_GetHCLKFreq
 .text.HAL_RCC_GetPCLK1Freq
                0x0800d224       0x2c ./Drivers/STM32L4xx_HAL_Driver/Src/stm32l4xx_hal_rcc.o
                0x0800d224                HAL_RCC_GetPCLK1Freq
 .text.HAL_RCC_GetPCLK2Freq
                0x0800d250       0x2c ./Drivers/STM32L4xx_HAL_Driver/Src/stm32l4xx_hal_rcc.o
                0x0800d250                HAL_RCC_GetPCLK2Freq
 .text.RCC_SetFlashLatencyFromMSIRange
                0x0800d27c       0xb4 ./Drivers/STM32L4xx_HAL_Driver/Src/stm32l4xx_hal_rcc.o
 .text.RCC_GetSysClockFreqFromPLLSource
                0x0800d330       0xcc ./Drivers/STM32L4xx_HAL_Driver/Src/stm32l4xx_hal_rcc.o
 .text.HAL_RCCEx_PeriphCLKConfig
                0x0800d3fc      0x660 ./Drivers/STM32L4xx_HAL_Driver/Src/stm32l4xx_hal_rcc_ex.o
                0x0800d3fc                HAL_RCCEx_PeriphCLKConfig
 .text.RCCEx_PLLSAI1_Config
                0x0800da5c      0x1e8 ./Drivers/STM32L4xx_HAL_Driver/Src/stm32l4xx_hal_rcc_ex.o
 .text.RCCEx_PLLSAI2_Config
                0x0800dc44      0x1e8 ./Drivers/STM32L4xx_HAL_Driver/Src/stm32l4xx_hal_rcc_ex.o
 .text.HAL_SPI_Init
                0x0800de2c      0x146 ./Drivers/STM32L4xx_HAL_Driver/Src/stm32l4xx_hal_spi.o
                0x0800de2c                HAL_SPI_Init
 .text.HAL_SPI_TransmitReceive
                0x0800df72      0x43e ./Drivers/STM32L4xx_HAL_Driver/Src/stm32l4xx_hal_spi.o
                0x0800df72                HAL_SPI_TransmitReceive
 .text.SPI_WaitFlagStateUntilTimeout
                0x0800e3b0      0x110 ./Drivers/STM32L4xx_HAL_Driver/Src/stm32l4xx_hal_spi.o
 .text.SPI_WaitFifoStateUntilTimeout
                0x0800e4c0      0x12c ./Drivers/STM32L4xx_HAL_Driver/Src/stm32l4xx_hal_spi.o
 .text.SPI_EndRxTxTransaction
                0x0800e5ec       0x8c ./Drivers/STM32L4xx_HAL_Driver/Src/stm32l4xx_hal_spi.o
 .text.HAL_TIM_PWM_Init
                0x0800e678       0xae ./Drivers/STM32L4xx_HAL_Driver/Src/stm32l4xx_hal_tim.o
                0x0800e678                HAL_TIM_PWM_Init
 *fill*         0x0800e726        0x2 
 .text.HAL_TIM_PWM_Start
                0x0800e728      0x20c ./Drivers/STM32L4xx_HAL_Driver/Src/stm32l4xx_hal_tim.o
                0x0800e728                HAL_TIM_PWM_Start
 .text.HAL_TIM_PWM_ConfigChannel
                0x0800e934      0x228 ./Drivers/STM32L4xx_HAL_Driver/Src/stm32l4xx_hal_tim.o
                0x0800e934                HAL_TIM_PWM_ConfigChannel
 .text.TIM_Base_SetConfig
                0x0800eb5c      0x140 ./Drivers/STM32L4xx_HAL_Driver/Src/stm32l4xx_hal_tim.o
                0x0800eb5c                TIM_Base_SetConfig
 .text.TIM_OC1_SetConfig
                0x0800ec9c      0x124 ./Drivers/STM32L4xx_HAL_Driver/Src/stm32l4xx_hal_tim.o
 .text.TIM_OC2_SetConfig
                0x0800edc0      0x118 ./Drivers/STM32L4xx_HAL_Driver/Src/stm32l4xx_hal_tim.o
                0x0800edc0                TIM_OC2_SetConfig
 .text.TIM_OC3_SetConfig
                0x0800eed8      0x114 ./Drivers/STM32L4xx_HAL_Driver/Src/stm32l4xx_hal_tim.o
 .text.TIM_OC4_SetConfig
                0x0800efec       0xd4 ./Drivers/STM32L4xx_HAL_Driver/Src/stm32l4xx_hal_tim.o
 .text.TIM_OC5_SetConfig
                0x0800f0c0       0xc8 ./Drivers/STM32L4xx_HAL_Driver/Src/stm32l4xx_hal_tim.o
 .text.TIM_OC6_SetConfig
                0x0800f188       0xcc ./Drivers/STM32L4xx_HAL_Driver/Src/stm32l4xx_hal_tim.o
 .text.TIM_CCxChannelCmd
                0x0800f254       0x4a ./Drivers/STM32L4xx_HAL_Driver/Src/stm32l4xx_hal_tim.o
                0x0800f254                TIM_CCxChannelCmd
 *fill*         0x0800f29e        0x2 
 .text.HAL_TIMEx_MasterConfigSynchronization
                0x0800f2a0      0x110 ./Drivers/STM32L4xx_HAL_Driver/Src/stm32l4xx_hal_tim_ex.o
                0x0800f2a0                HAL_TIMEx_MasterConfigSynchronization
 .text.HAL_UART_Init
                0x0800f3b0       0xa0 ./Drivers/STM32L4xx_HAL_Driver/Src/stm32l4xx_hal_uart.o
                0x0800f3b0                HAL_UART_Init
 .text.HAL_UART_Transmit
                0x0800f450      0x132 ./Drivers/STM32L4xx_HAL_Driver/Src/stm32l4xx_hal_uart.o
                0x0800f450                HAL_UART_Transmit
 *fill*         0x0800f582        0x2 
 .text.UART_SetConfig
                0x0800f584      0x5f8 ./Drivers/STM32L4xx_HAL_Driver/Src/stm32l4xx_hal_uart.o
                0x0800f584                UART_SetConfig
 .text.UART_AdvFeatureConfig
                0x0800fb7c      0x144 ./Drivers/STM32L4xx_HAL_Driver/Src/stm32l4xx_hal_uart.o
                0x0800fb7c                UART_AdvFeatureConfig
 .text.UART_CheckIdleState
                0x0800fcc0      0x154 ./Drivers/STM32L4xx_HAL_Driver/Src/stm32l4xx_hal_uart.o
                0x0800fcc0                UART_CheckIdleState
 .text.UART_WaitOnFlagUntilTimeout
                0x0800fe14       0xda ./Drivers/STM32L4xx_HAL_Driver/Src/stm32l4xx_hal_uart.o
                0x0800fe14                UART_WaitOnFlagUntilTimeout
 .text.UART_EndRxTransfer
                0x0800feee       0xcc ./Drivers/STM32L4xx_HAL_Driver/Src/stm32l4xx_hal_uart.o
 .text.HAL_UARTEx_DisableFifoMode
                0x0800ffba       0x72 ./Drivers/STM32L4xx_HAL_Driver/Src/stm32l4xx_hal_uart_ex.o
                0x0800ffba                HAL_UARTEx_DisableFifoMode
 .text.HAL_UARTEx_SetTxFifoThreshold
                0x0801002c       0x7c ./Drivers/STM32L4xx_HAL_Driver/Src/stm32l4xx_hal_uart_ex.o
                0x0801002c                HAL_UARTEx_SetTxFifoThreshold
 .text.HAL_UARTEx_SetRxFifoThreshold
                0x080100a8       0x7c ./Drivers/STM32L4xx_HAL_Driver/Src/stm32l4xx_hal_uart_ex.o
                0x080100a8                HAL_UARTEx_SetRxFifoThreshold
 .text.UARTEx_SetNbDataToProcess
                0x08010124       0x9c ./Drivers/STM32L4xx_HAL_Driver/Src/stm32l4xx_hal_uart_ex.o
 .text.__cvt    0x080101c0       0xca /Applications/STM32CubeIDE.app/Contents/Eclipse/plugins/com.st.stm32cube.ide.mcu.externaltools.gnu-tools-for-stm32.13.3.rel1.macos64_1.0.0.202411102158/tools/bin/../lib/gcc/arm-none-eabi/13.3.1/../../../../arm-none-eabi/lib/thumb/v7e-m+fp/hard/libc_nano.a(libc_a-nano-vfprintf_float.o)
                0x080101c0                __cvt
 .text.__exponent
                0x0801028a       0x74 /Applications/STM32CubeIDE.app/Contents/Eclipse/plugins/com.st.stm32cube.ide.mcu.externaltools.gnu-tools-for-stm32.13.3.rel1.macos64_1.0.0.202411102158/tools/bin/../lib/gcc/arm-none-eabi/13.3.1/../../../../arm-none-eabi/lib/thumb/v7e-m+fp/hard/libc_nano.a(libc_a-nano-vfprintf_float.o)
                0x0801028a                __exponent
 *fill*         0x080102fe        0x2 
 .text._printf_float
                0x08010300      0x454 /Applications/STM32CubeIDE.app/Contents/Eclipse/plugins/com.st.stm32cube.ide.mcu.externaltools.gnu-tools-for-stm32.13.3.rel1.macos64_1.0.0.202411102158/tools/bin/../lib/gcc/arm-none-eabi/13.3.1/../../../../arm-none-eabi/lib/thumb/v7e-m+fp/hard/libc_nano.a(libc_a-nano-vfprintf_float.o)
                0x08010300                _printf_float
 .text.malloc   0x08010754       0x10 /Applications/STM32CubeIDE.app/Contents/Eclipse/plugins/com.st.stm32cube.ide.mcu.externaltools.gnu-tools-for-stm32.13.3.rel1.macos64_1.0.0.202411102158/tools/bin/../lib/gcc/arm-none-eabi/13.3.1/../../../../arm-none-eabi/lib/thumb/v7e-m+fp/hard/libc_nano.a(libc_a-malloc.o)
                0x08010754                malloc
 .text.free     0x08010764       0x10 /Applications/STM32CubeIDE.app/Contents/Eclipse/plugins/com.st.stm32cube.ide.mcu.externaltools.gnu-tools-for-stm32.13.3.rel1.macos64_1.0.0.202411102158/tools/bin/../lib/gcc/arm-none-eabi/13.3.1/../../../../arm-none-eabi/lib/thumb/v7e-m+fp/hard/libc_nano.a(libc_a-malloc.o)
                0x08010764                free
 .text.sbrk_aligned
                0x08010774       0x44 /Applications/STM32CubeIDE.app/Contents/Eclipse/plugins/com.st.stm32cube.ide.mcu.externaltools.gnu-tools-for-stm32.13.3.rel1.macos64_1.0.0.202411102158/tools/bin/../lib/gcc/arm-none-eabi/13.3.1/../../../../arm-none-eabi/lib/thumb/v7e-m+fp/hard/libc_nano.a(libc_a-mallocr.o)
 .text._malloc_r
                0x080107b8      0x100 /Applications/STM32CubeIDE.app/Contents/Eclipse/plugins/com.st.stm32cube.ide.mcu.externaltools.gnu-tools-for-stm32.13.3.rel1.macos64_1.0.0.202411102158/tools/bin/../lib/gcc/arm-none-eabi/13.3.1/../../../../arm-none-eabi/lib/thumb/v7e-m+fp/hard/libc_nano.a(libc_a-mallocr.o)
                0x080107b8                _malloc_r
 .text._printf_common
                0x080108b8       0xda /Applications/STM32CubeIDE.app/Contents/Eclipse/plugins/com.st.stm32cube.ide.mcu.externaltools.gnu-tools-for-stm32.13.3.rel1.macos64_1.0.0.202411102158/tools/bin/../lib/gcc/arm-none-eabi/13.3.1/../../../../arm-none-eabi/lib/thumb/v7e-m+fp/hard/libc_nano.a(libc_a-nano-vfprintf_i.o)
                0x080108b8                _printf_common
 *fill*         0x08010992        0x2 
 .text._printf_i
                0x08010994      0x23c /Applications/STM32CubeIDE.app/Contents/Eclipse/plugins/com.st.stm32cube.ide.mcu.externaltools.gnu-tools-for-stm32.13.3.rel1.macos64_1.0.0.202411102158/tools/bin/../lib/gcc/arm-none-eabi/13.3.1/../../../../arm-none-eabi/lib/thumb/v7e-m+fp/hard/libc_nano.a(libc_a-nano-vfprintf_i.o)
                0x08010994                _printf_i
 .text.__malloc_lock
                0x08010bd0        0xc /Applications/STM32CubeIDE.app/Contents/Eclipse/plugins/com.st.stm32cube.ide.mcu.externaltools.gnu-tools-for-stm32.13.3.rel1.macos64_1.0.0.202411102158/tools/bin/../lib/gcc/arm-none-eabi/13.3.1/../../../../arm-none-eabi/lib/thumb/v7e-m+fp/hard/libc_nano.a(libc_a-mlock.o)
                0x08010bd0                __malloc_lock
 .text.__malloc_unlock
                0x08010bdc        0xc /Applications/STM32CubeIDE.app/Contents/Eclipse/plugins/com.st.stm32cube.ide.mcu.externaltools.gnu-tools-for-stm32.13.3.rel1.macos64_1.0.0.202411102158/tools/bin/../lib/gcc/arm-none-eabi/13.3.1/../../../../arm-none-eabi/lib/thumb/v7e-m+fp/hard/libc_nano.a(libc_a-mlock.o)
                0x08010bdc                __malloc_unlock
 .text.std      0x08010be8       0x6c /Applications/STM32CubeIDE.app/Contents/Eclipse/plugins/com.st.stm32cube.ide.mcu.externaltools.gnu-tools-for-stm32.13.3.rel1.macos64_1.0.0.202411102158/tools/bin/../lib/gcc/arm-none-eabi/13.3.1/../../../../arm-none-eabi/lib/thumb/v7e-m+fp/hard/libc_nano.a(libc_a-findfp.o)
 .text.stdio_exit_handler
                0x08010c54       0x18 /Applications/STM32CubeIDE.app/Contents/Eclipse/plugins/com.st.stm32cube.ide.mcu.externaltools.gnu-tools-for-stm32.13.3.rel1.macos64_1.0.0.202411102158/tools/bin/../lib/gcc/arm-none-eabi/13.3.1/../../../../arm-none-eabi/lib/thumb/v7e-m+fp/hard/libc_nano.a(libc_a-findfp.o)
 .text.cleanup_stdio
                0x08010c6c       0x40 /Applications/STM32CubeIDE.app/Contents/Eclipse/plugins/com.st.stm32cube.ide.mcu.externaltools.gnu-tools-for-stm32.13.3.rel1.macos64_1.0.0.202411102158/tools/bin/../lib/gcc/arm-none-eabi/13.3.1/../../../../arm-none-eabi/lib/thumb/v7e-m+fp/hard/libc_nano.a(libc_a-findfp.o)
 .text.global_stdio_init.part.0
                0x08010cac       0x3c /Applications/STM32CubeIDE.app/Contents/Eclipse/plugins/com.st.stm32cube.ide.mcu.externaltools.gnu-tools-for-stm32.13.3.rel1.macos64_1.0.0.202411102158/tools/bin/../lib/gcc/arm-none-eabi/13.3.1/../../../../arm-none-eabi/lib/thumb/v7e-m+fp/hard/libc_nano.a(libc_a-findfp.o)
 .text.__sfp_lock_acquire
                0x08010ce8        0xc /Applications/STM32CubeIDE.app/Contents/Eclipse/plugins/com.st.stm32cube.ide.mcu.externaltools.gnu-tools-for-stm32.13.3.rel1.macos64_1.0.0.202411102158/tools/bin/../lib/gcc/arm-none-eabi/13.3.1/../../../../arm-none-eabi/lib/thumb/v7e-m+fp/hard/libc_nano.a(libc_a-findfp.o)
                0x08010ce8                __sfp_lock_acquire
 .text.__sfp_lock_release
                0x08010cf4        0xc /Applications/STM32CubeIDE.app/Contents/Eclipse/plugins/com.st.stm32cube.ide.mcu.externaltools.gnu-tools-for-stm32.13.3.rel1.macos64_1.0.0.202411102158/tools/bin/../lib/gcc/arm-none-eabi/13.3.1/../../../../arm-none-eabi/lib/thumb/v7e-m+fp/hard/libc_nano.a(libc_a-findfp.o)
                0x08010cf4                __sfp_lock_release
 .text.__sinit  0x08010d00       0x30 /Applications/STM32CubeIDE.app/Contents/Eclipse/plugins/com.st.stm32cube.ide.mcu.externaltools.gnu-tools-for-stm32.13.3.rel1.macos64_1.0.0.202411102158/tools/bin/../lib/gcc/arm-none-eabi/13.3.1/../../../../arm-none-eabi/lib/thumb/v7e-m+fp/hard/libc_nano.a(libc_a-findfp.o)
                0x08010d00                __sinit
 .text._fwalk_sglue
                0x08010d30       0x3c /Applications/STM32CubeIDE.app/Contents/Eclipse/plugins/com.st.stm32cube.ide.mcu.externaltools.gnu-tools-for-stm32.13.3.rel1.macos64_1.0.0.202411102158/tools/bin/../lib/gcc/arm-none-eabi/13.3.1/../../../../arm-none-eabi/lib/thumb/v7e-m+fp/hard/libc_nano.a(libc_a-fwalk.o)
                0x08010d30                _fwalk_sglue
 .text.printf   0x08010d6c       0x24 /Applications/STM32CubeIDE.app/Contents/Eclipse/plugins/com.st.stm32cube.ide.mcu.externaltools.gnu-tools-for-stm32.13.3.rel1.macos64_1.0.0.202411102158/tools/bin/../lib/gcc/arm-none-eabi/13.3.1/../../../../arm-none-eabi/lib/thumb/v7e-m+fp/hard/libc_nano.a(libc_a-printf.o)
                0x08010d6c                printf
                0x08010d6c                iprintf
 .text._puts_r  0x08010d90       0xaa /Applications/STM32CubeIDE.app/Contents/Eclipse/plugins/com.st.stm32cube.ide.mcu.externaltools.gnu-tools-for-stm32.13.3.rel1.macos64_1.0.0.202411102158/tools/bin/../lib/gcc/arm-none-eabi/13.3.1/../../../../arm-none-eabi/lib/thumb/v7e-m+fp/hard/libc_nano.a(libc_a-puts.o)
                0x08010d90                _puts_r
 *fill*         0x08010e3a        0x2 
 .text.puts     0x08010e3c       0x10 /Applications/STM32CubeIDE.app/Contents/Eclipse/plugins/com.st.stm32cube.ide.mcu.externaltools.gnu-tools-for-stm32.13.3.rel1.macos64_1.0.0.202411102158/tools/bin/../lib/gcc/arm-none-eabi/13.3.1/../../../../arm-none-eabi/lib/thumb/v7e-m+fp/hard/libc_nano.a(libc_a-puts.o)
                0x08010e3c                puts
 .text.memset   0x08010e4c       0x10 /Applications/STM32CubeIDE.app/Contents/Eclipse/plugins/com.st.stm32cube.ide.mcu.externaltools.gnu-tools-for-stm32.13.3.rel1.macos64_1.0.0.202411102158/tools/bin/../lib/gcc/arm-none-eabi/13.3.1/../../../../arm-none-eabi/lib/thumb/v7e-m+fp/hard/libc_nano.a(libc_a-memset.o)
                0x08010e4c                memset
 .text._sbrk_r  0x08010e5c       0x20 /Applications/STM32CubeIDE.app/Contents/Eclipse/plugins/com.st.stm32cube.ide.mcu.externaltools.gnu-tools-for-stm32.13.3.rel1.macos64_1.0.0.202411102158/tools/bin/../lib/gcc/arm-none-eabi/13.3.1/../../../../arm-none-eabi/lib/thumb/v7e-m+fp/hard/libc_nano.a(libc_a-sbrkr.o)
                0x08010e5c                _sbrk_r
 .text.__errno  0x08010e7c        0xc /Applications/STM32CubeIDE.app/Contents/Eclipse/plugins/com.st.stm32cube.ide.mcu.externaltools.gnu-tools-for-stm32.13.3.rel1.macos64_1.0.0.202411102158/tools/bin/../lib/gcc/arm-none-eabi/13.3.1/../../../../arm-none-eabi/lib/thumb/v7e-m+fp/hard/libc_nano.a(libc_a-errno.o)
                0x08010e7c                __errno
 .text.__libc_init_array
                0x08010e88       0x48 /Applications/STM32CubeIDE.app/Contents/Eclipse/plugins/com.st.stm32cube.ide.mcu.externaltools.gnu-tools-for-stm32.13.3.rel1.macos64_1.0.0.202411102158/tools/bin/../lib/gcc/arm-none-eabi/13.3.1/../../../../arm-none-eabi/lib/thumb/v7e-m+fp/hard/libc_nano.a(libc_a-init.o)
                0x08010e88                __libc_init_array
 .text.__retarget_lock_init_recursive
                0x08010ed0        0x2 /Applications/STM32CubeIDE.app/Contents/Eclipse/plugins/com.st.stm32cube.ide.mcu.externaltools.gnu-tools-for-stm32.13.3.rel1.macos64_1.0.0.202411102158/tools/bin/../lib/gcc/arm-none-eabi/13.3.1/../../../../arm-none-eabi/lib/thumb/v7e-m+fp/hard/libc_nano.a(libc_a-lock.o)
                0x08010ed0                __retarget_lock_init_recursive
 .text.__retarget_lock_acquire_recursive
                0x08010ed2        0x2 /Applications/STM32CubeIDE.app/Contents/Eclipse/plugins/com.st.stm32cube.ide.mcu.externaltools.gnu-tools-for-stm32.13.3.rel1.macos64_1.0.0.202411102158/tools/bin/../lib/gcc/arm-none-eabi/13.3.1/../../../../arm-none-eabi/lib/thumb/v7e-m+fp/hard/libc_nano.a(libc_a-lock.o)
                0x08010ed2                __retarget_lock_acquire_recursive
 .text.__retarget_lock_release_recursive
                0x08010ed4        0x2 /Applications/STM32CubeIDE.app/Contents/Eclipse/plugins/com.st.stm32cube.ide.mcu.externaltools.gnu-tools-for-stm32.13.3.rel1.macos64_1.0.0.202411102158/tools/bin/../lib/gcc/arm-none-eabi/13.3.1/../../../../arm-none-eabi/lib/thumb/v7e-m+fp/hard/libc_nano.a(libc_a-lock.o)
                0x08010ed4                __retarget_lock_release_recursive
 *fill*         0x08010ed6        0x2 
 .text._localeconv_r
                0x08010ed8        0x8 /Applications/STM32CubeIDE.app/Contents/Eclipse/plugins/com.st.stm32cube.ide.mcu.externaltools.gnu-tools-for-stm32.13.3.rel1.macos64_1.0.0.202411102158/tools/bin/../lib/gcc/arm-none-eabi/13.3.1/../../../../arm-none-eabi/lib/thumb/v7e-m+fp/hard/libc_nano.a(libc_a-localeconv.o)
                0x08010ed8                _localeconv_r
 .text.strcpy   0x08010ee0       0x10 /Applications/STM32CubeIDE.app/Contents/Eclipse/plugins/com.st.stm32cube.ide.mcu.externaltools.gnu-tools-for-stm32.13.3.rel1.macos64_1.0.0.202411102158/tools/bin/../lib/gcc/arm-none-eabi/13.3.1/../../../../arm-none-eabi/lib/thumb/v7e-m+fp/hard/libc_nano.a(libc_a-strcpy.o)
                0x08010ee0                strcpy
 .text.memcpy   0x08010ef0       0x1c /Applications/STM32CubeIDE.app/Contents/Eclipse/plugins/com.st.stm32cube.ide.mcu.externaltools.gnu-tools-for-stm32.13.3.rel1.macos64_1.0.0.202411102158/tools/bin/../lib/gcc/arm-none-eabi/13.3.1/../../../../arm-none-eabi/lib/thumb/v7e-m+fp/hard/libc_nano.a(libc_a-memcpy-stub.o)
                0x08010ef0                memcpy
 .text.quorem   0x08010f0c      0x110 /Applications/STM32CubeIDE.app/Contents/Eclipse/plugins/com.st.stm32cube.ide.mcu.externaltools.gnu-tools-for-stm32.13.3.rel1.macos64_1.0.0.202411102158/tools/bin/../lib/gcc/arm-none-eabi/13.3.1/../../../../arm-none-eabi/lib/thumb/v7e-m+fp/hard/libc_nano.a(libc_a-dtoa.o)
 *fill*         0x0801101c        0x4 
 .text._dtoa_r  0x08011020      0xba0 /Applications/STM32CubeIDE.app/Contents/Eclipse/plugins/com.st.stm32cube.ide.mcu.externaltools.gnu-tools-for-stm32.13.3.rel1.macos64_1.0.0.202411102158/tools/bin/../lib/gcc/arm-none-eabi/13.3.1/../../../../arm-none-eabi/lib/thumb/v7e-m+fp/hard/libc_nano.a(libc_a-dtoa.o)
                0x08011020                _dtoa_r
 .text._free_r  0x08011bc0       0x94 /Applications/STM32CubeIDE.app/Contents/Eclipse/plugins/com.st.stm32cube.ide.mcu.externaltools.gnu-tools-for-stm32.13.3.rel1.macos64_1.0.0.202411102158/tools/bin/../lib/gcc/arm-none-eabi/13.3.1/../../../../arm-none-eabi/lib/thumb/v7e-m+fp/hard/libc_nano.a(libc_a-freer.o)
                0x08011bc0                _free_r
 .text.__sfputc_r
                0x08011c54       0x2e /Applications/STM32CubeIDE.app/Contents/Eclipse/plugins/com.st.stm32cube.ide.mcu.externaltools.gnu-tools-for-stm32.13.3.rel1.macos64_1.0.0.202411102158/tools/bin/../lib/gcc/arm-none-eabi/13.3.1/../../../../arm-none-eabi/lib/thumb/v7e-m+fp/hard/libc_nano.a(libc_a-nano-vfprintf.o)
 .text.__sfputs_r
                0x08011c82       0x24 /Applications/STM32CubeIDE.app/Contents/Eclipse/plugins/com.st.stm32cube.ide.mcu.externaltools.gnu-tools-for-stm32.13.3.rel1.macos64_1.0.0.202411102158/tools/bin/../lib/gcc/arm-none-eabi/13.3.1/../../../../arm-none-eabi/lib/thumb/v7e-m+fp/hard/libc_nano.a(libc_a-nano-vfprintf.o)
                0x08011c82                __sfputs_r
 *fill*         0x08011ca6        0x2 
 .text._vfprintf_r
                0x08011ca8      0x230 /Applications/STM32CubeIDE.app/Contents/Eclipse/plugins/com.st.stm32cube.ide.mcu.externaltools.gnu-tools-for-stm32.13.3.rel1.macos64_1.0.0.202411102158/tools/bin/../lib/gcc/arm-none-eabi/13.3.1/../../../../arm-none-eabi/lib/thumb/v7e-m+fp/hard/libc_nano.a(libc_a-nano-vfprintf.o)
                0x08011ca8                _vfiprintf_r
                0x08011ca8                _vfprintf_r
 .text.__sflush_r
                0x08011ed8      0x108 /Applications/STM32CubeIDE.app/Contents/Eclipse/plugins/com.st.stm32cube.ide.mcu.externaltools.gnu-tools-for-stm32.13.3.rel1.macos64_1.0.0.202411102158/tools/bin/../lib/gcc/arm-none-eabi/13.3.1/../../../../arm-none-eabi/lib/thumb/v7e-m+fp/hard/libc_nano.a(libc_a-fflush.o)
                0x08011ed8                __sflush_r
 .text._fflush_r
                0x08011fe0       0x50 /Applications/STM32CubeIDE.app/Contents/Eclipse/plugins/com.st.stm32cube.ide.mcu.externaltools.gnu-tools-for-stm32.13.3.rel1.macos64_1.0.0.202411102158/tools/bin/../lib/gcc/arm-none-eabi/13.3.1/../../../../arm-none-eabi/lib/thumb/v7e-m+fp/hard/libc_nano.a(libc_a-fflush.o)
                0x08011fe0                _fflush_r
 .text._Balloc  0x08012030       0x80 /Applications/STM32CubeIDE.app/Contents/Eclipse/plugins/com.st.stm32cube.ide.mcu.externaltools.gnu-tools-for-stm32.13.3.rel1.macos64_1.0.0.202411102158/tools/bin/../lib/gcc/arm-none-eabi/13.3.1/../../../../arm-none-eabi/lib/thumb/v7e-m+fp/hard/libc_nano.a(libc_a-mprec.o)
                0x08012030                _Balloc
 .text._Bfree   0x080120b0       0x44 /Applications/STM32CubeIDE.app/Contents/Eclipse/plugins/com.st.stm32cube.ide.mcu.externaltools.gnu-tools-for-stm32.13.3.rel1.macos64_1.0.0.202411102158/tools/bin/../lib/gcc/arm-none-eabi/13.3.1/../../../../arm-none-eabi/lib/thumb/v7e-m+fp/hard/libc_nano.a(libc_a-mprec.o)
                0x080120b0                _Bfree
 .text.__multadd
                0x080120f4       0x8c /Applications/STM32CubeIDE.app/Contents/Eclipse/plugins/com.st.stm32cube.ide.mcu.externaltools.gnu-tools-for-stm32.13.3.rel1.macos64_1.0.0.202411102158/tools/bin/../lib/gcc/arm-none-eabi/13.3.1/../../../../arm-none-eabi/lib/thumb/v7e-m+fp/hard/libc_nano.a(libc_a-mprec.o)
                0x080120f4                __multadd
 .text.__hi0bits
                0x08012180       0x3e /Applications/STM32CubeIDE.app/Contents/Eclipse/plugins/com.st.stm32cube.ide.mcu.externaltools.gnu-tools-for-stm32.13.3.rel1.macos64_1.0.0.202411102158/tools/bin/../lib/gcc/arm-none-eabi/13.3.1/../../../../arm-none-eabi/lib/thumb/v7e-m+fp/hard/libc_nano.a(libc_a-mprec.o)
                0x08012180                __hi0bits
 .text.__lo0bits
                0x080121be       0x5a /Applications/STM32CubeIDE.app/Contents/Eclipse/plugins/com.st.stm32cube.ide.mcu.externaltools.gnu-tools-for-stm32.13.3.rel1.macos64_1.0.0.202411102158/tools/bin/../lib/gcc/arm-none-eabi/13.3.1/../../../../arm-none-eabi/lib/thumb/v7e-m+fp/hard/libc_nano.a(libc_a-mprec.o)
                0x080121be                __lo0bits
 .text.__i2b    0x08012218       0x2c /Applications/STM32CubeIDE.app/Contents/Eclipse/plugins/com.st.stm32cube.ide.mcu.externaltools.gnu-tools-for-stm32.13.3.rel1.macos64_1.0.0.202411102158/tools/bin/../lib/gcc/arm-none-eabi/13.3.1/../../../../arm-none-eabi/lib/thumb/v7e-m+fp/hard/libc_nano.a(libc_a-mprec.o)
                0x08012218                __i2b
 .text.__multiply
                0x08012244      0x144 /Applications/STM32CubeIDE.app/Contents/Eclipse/plugins/com.st.stm32cube.ide.mcu.externaltools.gnu-tools-for-stm32.13.3.rel1.macos64_1.0.0.202411102158/tools/bin/../lib/gcc/arm-none-eabi/13.3.1/../../../../arm-none-eabi/lib/thumb/v7e-m+fp/hard/libc_nano.a(libc_a-mprec.o)
                0x08012244                __multiply
 .text.__pow5mult
                0x08012388       0xb4 /Applications/STM32CubeIDE.app/Contents/Eclipse/plugins/com.st.stm32cube.ide.mcu.externaltools.gnu-tools-for-stm32.13.3.rel1.macos64_1.0.0.202411102158/tools/bin/../lib/gcc/arm-none-eabi/13.3.1/../../../../arm-none-eabi/lib/thumb/v7e-m+fp/hard/libc_nano.a(libc_a-mprec.o)
                0x08012388                __pow5mult
 .text.__lshift
                0x0801243c       0xd8 /Applications/STM32CubeIDE.app/Contents/Eclipse/plugins/com.st.stm32cube.ide.mcu.externaltools.gnu-tools-for-stm32.13.3.rel1.macos64_1.0.0.202411102158/tools/bin/../lib/gcc/arm-none-eabi/13.3.1/../../../../arm-none-eabi/lib/thumb/v7e-m+fp/hard/libc_nano.a(libc_a-mprec.o)
                0x0801243c                __lshift
 .text.__mcmp   0x08012514       0x36 /Applications/STM32CubeIDE.app/Contents/Eclipse/plugins/com.st.stm32cube.ide.mcu.externaltools.gnu-tools-for-stm32.13.3.rel1.macos64_1.0.0.202411102158/tools/bin/../lib/gcc/arm-none-eabi/13.3.1/../../../../arm-none-eabi/lib/thumb/v7e-m+fp/hard/libc_nano.a(libc_a-mprec.o)
                0x08012514                __mcmp
 *fill*         0x0801254a        0x2 
 .text.__mdiff  0x0801254c      0x128 /Applications/STM32CubeIDE.app/Contents/Eclipse/plugins/com.st.stm32cube.ide.mcu.externaltools.gnu-tools-for-stm32.13.3.rel1.macos64_1.0.0.202411102158/tools/bin/../lib/gcc/arm-none-eabi/13.3.1/../../../../arm-none-eabi/lib/thumb/v7e-m+fp/hard/libc_nano.a(libc_a-mprec.o)
                0x0801254c                __mdiff
 .text.__d2b    0x08012674       0xb0 /Applications/STM32CubeIDE.app/Contents/Eclipse/plugins/com.st.stm32cube.ide.mcu.externaltools.gnu-tools-for-stm32.13.3.rel1.macos64_1.0.0.202411102158/tools/bin/../lib/gcc/arm-none-eabi/13.3.1/../../../../arm-none-eabi/lib/thumb/v7e-m+fp/hard/libc_nano.a(libc_a-mprec.o)
                0x08012674                __d2b
 .text.__sread  0x08012724       0x22 /Applications/STM32CubeIDE.app/Contents/Eclipse/plugins/com.st.stm32cube.ide.mcu.externaltools.gnu-tools-for-stm32.13.3.rel1.macos64_1.0.0.202411102158/tools/bin/../lib/gcc/arm-none-eabi/13.3.1/../../../../arm-none-eabi/lib/thumb/v7e-m+fp/hard/libc_nano.a(libc_a-stdio.o)
                0x08012724                __sread
 .text.__swrite
                0x08012746       0x38 /Applications/STM32CubeIDE.app/Contents/Eclipse/plugins/com.st.stm32cube.ide.mcu.externaltools.gnu-tools-for-stm32.13.3.rel1.macos64_1.0.0.202411102158/tools/bin/../lib/gcc/arm-none-eabi/13.3.1/../../../../arm-none-eabi/lib/thumb/v7e-m+fp/hard/libc_nano.a(libc_a-stdio.o)
                0x08012746                __swrite
 .text.__sseek  0x0801277e       0x24 /Applications/STM32CubeIDE.app/Contents/Eclipse/plugins/com.st.stm32cube.ide.mcu.externaltools.gnu-tools-for-stm32.13.3.rel1.macos64_1.0.0.202411102158/tools/bin/../lib/gcc/arm-none-eabi/13.3.1/../../../../arm-none-eabi/lib/thumb/v7e-m+fp/hard/libc_nano.a(libc_a-stdio.o)
                0x0801277e                __sseek
 .text.__sclose
                0x080127a2        0x8 /Applications/STM32CubeIDE.app/Contents/Eclipse/plugins/com.st.stm32cube.ide.mcu.externaltools.gnu-tools-for-stm32.13.3.rel1.macos64_1.0.0.202411102158/tools/bin/../lib/gcc/arm-none-eabi/13.3.1/../../../../arm-none-eabi/lib/thumb/v7e-m+fp/hard/libc_nano.a(libc_a-stdio.o)
                0x080127a2                __sclose
 .text.__swbuf_r
                0x080127aa       0x7c /Applications/STM32CubeIDE.app/Contents/Eclipse/plugins/com.st.stm32cube.ide.mcu.externaltools.gnu-tools-for-stm32.13.3.rel1.macos64_1.0.0.202411102158/tools/bin/../lib/gcc/arm-none-eabi/13.3.1/../../../../arm-none-eabi/lib/thumb/v7e-m+fp/hard/libc_nano.a(libc_a-wbuf.o)
                0x080127aa                __swbuf_r
 *fill*         0x08012826        0x2 
 .text.__swsetup_r
                0x08012828       0xac /Applications/STM32CubeIDE.app/Contents/Eclipse/plugins/com.st.stm32cube.ide.mcu.externaltools.gnu-tools-for-stm32.13.3.rel1.macos64_1.0.0.202411102158/tools/bin/../lib/gcc/arm-none-eabi/13.3.1/../../../../arm-none-eabi/lib/thumb/v7e-m+fp/hard/libc_nano.a(libc_a-wsetup.o)
                0x08012828                __swsetup_r
 .text.__swhatbuf_r
                0x080128d4       0x4c /Applications/STM32CubeIDE.app/Contents/Eclipse/plugins/com.st.stm32cube.ide.mcu.externaltools.gnu-tools-for-stm32.13.3.rel1.macos64_1.0.0.202411102158/tools/bin/../lib/gcc/arm-none-eabi/13.3.1/../../../../arm-none-eabi/lib/thumb/v7e-m+fp/hard/libc_nano.a(libc_a-makebuf.o)
                0x080128d4                __swhatbuf_r
 .text.__smakebuf_r
                0x08012920       0x78 /Applications/STM32CubeIDE.app/Contents/Eclipse/plugins/com.st.stm32cube.ide.mcu.externaltools.gnu-tools-for-stm32.13.3.rel1.macos64_1.0.0.202411102158/tools/bin/../lib/gcc/arm-none-eabi/13.3.1/../../../../arm-none-eabi/lib/thumb/v7e-m+fp/hard/libc_nano.a(libc_a-makebuf.o)
                0x08012920                __smakebuf_r
 .text._isatty_r
                0x08012998       0x20 /Applications/STM32CubeIDE.app/Contents/Eclipse/plugins/com.st.stm32cube.ide.mcu.externaltools.gnu-tools-for-stm32.13.3.rel1.macos64_1.0.0.202411102158/tools/bin/../lib/gcc/arm-none-eabi/13.3.1/../../../../arm-none-eabi/lib/thumb/v7e-m+fp/hard/libc_nano.a(libc_a-isattyr.o)
                0x08012998                _isatty_r
 .text._lseek_r
                0x080129b8       0x24 /Applications/STM32CubeIDE.app/Contents/Eclipse/plugins/com.st.stm32cube.ide.mcu.externaltools.gnu-tools-for-stm32.13.3.rel1.macos64_1.0.0.202411102158/tools/bin/../lib/gcc/arm-none-eabi/13.3.1/../../../../arm-none-eabi/lib/thumb/v7e-m+fp/hard/libc_nano.a(libc_a-lseekr.o)
                0x080129b8                _lseek_r
 .text._read_r  0x080129dc       0x24 /Applications/STM32CubeIDE.app/Contents/Eclipse/plugins/com.st.stm32cube.ide.mcu.externaltools.gnu-tools-for-stm32.13.3.rel1.macos64_1.0.0.202411102158/tools/bin/../lib/gcc/arm-none-eabi/13.3.1/../../../../arm-none-eabi/lib/thumb/v7e-m+fp/hard/libc_nano.a(libc_a-readr.o)
                0x080129dc                _read_r
 .text._write_r
                0x08012a00       0x24 /Applications/STM32CubeIDE.app/Contents/Eclipse/plugins/com.st.stm32cube.ide.mcu.externaltools.gnu-tools-for-stm32.13.3.rel1.macos64_1.0.0.202411102158/tools/bin/../lib/gcc/arm-none-eabi/13.3.1/../../../../arm-none-eabi/lib/thumb/v7e-m+fp/hard/libc_nano.a(libc_a-writer.o)
                0x08012a00                _write_r
 .text._close_r
                0x08012a24       0x20 /Applications/STM32CubeIDE.app/Contents/Eclipse/plugins/com.st.stm32cube.ide.mcu.externaltools.gnu-tools-for-stm32.13.3.rel1.macos64_1.0.0.202411102158/tools/bin/../lib/gcc/arm-none-eabi/13.3.1/../../../../arm-none-eabi/lib/thumb/v7e-m+fp/hard/libc_nano.a(libc_a-closer.o)
                0x08012a24                _close_r
 .text._fstat_r
                0x08012a44       0x24 /Applications/STM32CubeIDE.app/Contents/Eclipse/plugins/com.st.stm32cube.ide.mcu.externaltools.gnu-tools-for-stm32.13.3.rel1.macos64_1.0.0.202411102158/tools/bin/../lib/gcc/arm-none-eabi/13.3.1/../../../../arm-none-eabi/lib/thumb/v7e-m+fp/hard/libc_nano.a(libc_a-fstatr.o)
                0x08012a44                _fstat_r
 .text.__assert_func
                0x08012a68       0x3c /Applications/STM32CubeIDE.app/Contents/Eclipse/plugins/com.st.stm32cube.ide.mcu.externaltools.gnu-tools-for-stm32.13.3.rel1.macos64_1.0.0.202411102158/tools/bin/../lib/gcc/arm-none-eabi/13.3.1/../../../../arm-none-eabi/lib/thumb/v7e-m+fp/hard/libc_nano.a(libc_a-assert.o)
                0x08012a68                __assert_func
 .text._calloc_r
                0x08012aa4       0x28 /Applications/STM32CubeIDE.app/Contents/Eclipse/plugins/com.st.stm32cube.ide.mcu.externaltools.gnu-tools-for-stm32.13.3.rel1.macos64_1.0.0.202411102158/tools/bin/../lib/gcc/arm-none-eabi/13.3.1/../../../../arm-none-eabi/lib/thumb/v7e-m+fp/hard/libc_nano.a(libc_a-callocr.o)
                0x08012aa4                _calloc_r
 .text.__ascii_mbtowc
                0x08012acc       0x24 /Applications/STM32CubeIDE.app/Contents/Eclipse/plugins/com.st.stm32cube.ide.mcu.externaltools.gnu-tools-for-stm32.13.3.rel1.macos64_1.0.0.202411102158/tools/bin/../lib/gcc/arm-none-eabi/13.3.1/../../../../arm-none-eabi/lib/thumb/v7e-m+fp/hard/libc_nano.a(libc_a-mbtowc_r.o)
                0x08012acc                __ascii_mbtowc
 .text.fprintf  0x08012af0       0x24 /Applications/STM32CubeIDE.app/Contents/Eclipse/plugins/com.st.stm32cube.ide.mcu.externaltools.gnu-tools-for-stm32.13.3.rel1.macos64_1.0.0.202411102158/tools/bin/../lib/gcc/arm-none-eabi/13.3.1/../../../../arm-none-eabi/lib/thumb/v7e-m+fp/hard/libc_nano.a(libc_a-fprintf.o)
                0x08012af0                fprintf
                0x08012af0                fiprintf
 .text.__ascii_wctomb
                0x08012b14       0x1a /Applications/STM32CubeIDE.app/Contents/Eclipse/plugins/com.st.stm32cube.ide.mcu.externaltools.gnu-tools-for-stm32.13.3.rel1.macos64_1.0.0.202411102158/tools/bin/../lib/gcc/arm-none-eabi/13.3.1/../../../../arm-none-eabi/lib/thumb/v7e-m+fp/hard/libc_nano.a(libc_a-wctomb_r.o)
                0x08012b14                __ascii_wctomb
 .text.abort    0x08012b2e        0xe /Applications/STM32CubeIDE.app/Contents/Eclipse/plugins/com.st.stm32cube.ide.mcu.externaltools.gnu-tools-for-stm32.13.3.rel1.macos64_1.0.0.202411102158/tools/bin/../lib/gcc/arm-none-eabi/13.3.1/../../../../arm-none-eabi/lib/thumb/v7e-m+fp/hard/libc_nano.a(libc_a-abort.o)
                0x08012b2e                abort
 .text._raise_r
                0x08012b3c       0x50 /Applications/STM32CubeIDE.app/Contents/Eclipse/plugins/com.st.stm32cube.ide.mcu.externaltools.gnu-tools-for-stm32.13.3.rel1.macos64_1.0.0.202411102158/tools/bin/../lib/gcc/arm-none-eabi/13.3.1/../../../../arm-none-eabi/lib/thumb/v7e-m+fp/hard/libc_nano.a(libc_a-signal.o)
                0x08012b3c                _raise_r
 .text.raise    0x08012b8c       0x10 /Applications/STM32CubeIDE.app/Contents/Eclipse/plugins/com.st.stm32cube.ide.mcu.externaltools.gnu-tools-for-stm32.13.3.rel1.macos64_1.0.0.202411102158/tools/bin/../lib/gcc/arm-none-eabi/13.3.1/../../../../arm-none-eabi/lib/thumb/v7e-m+fp/hard/libc_nano.a(libc_a-signal.o)
                0x08012b8c                raise
 .text._kill_r  0x08012b9c       0x24 /Applications/STM32CubeIDE.app/Contents/Eclipse/plugins/com.st.stm32cube.ide.mcu.externaltools.gnu-tools-for-stm32.13.3.rel1.macos64_1.0.0.202411102158/tools/bin/../lib/gcc/arm-none-eabi/13.3.1/../../../../arm-none-eabi/lib/thumb/v7e-m+fp/hard/libc_nano.a(libc_a-signalr.o)
                0x08012b9c                _kill_r
 .text._getpid_r
                0x08012bc0        0x4 /Applications/STM32CubeIDE.app/Contents/Eclipse/plugins/com.st.stm32cube.ide.mcu.externaltools.gnu-tools-for-stm32.13.3.rel1.macos64_1.0.0.202411102158/tools/bin/../lib/gcc/arm-none-eabi/13.3.1/../../../../arm-none-eabi/lib/thumb/v7e-m+fp/hard/libc_nano.a(libc_a-signalr.o)
                0x08012bc0                _getpid_r
 *(.glue_7)
 .glue_7        0x08012bc4        0x0 linker stubs
 *(.glue_7t)
 .glue_7t       0x08012bc4        0x0 linker stubs
 *(.eh_frame)